[28436:24280:0712/001001.086:WARNING:kernel_switch.cc(95)] [Engine] GetProductDataInfo failed for: input_cloud_request_rank_1
[28436:24280:0712/001001.088:WARNING:kernel_switch.cc(95)] [Engine] GetProductDataInfo failed for: input_cloud_request_type_1
[28436:24280:0712/001001.088:WARNING:data_router_sender.cpp(44)] [DataRouterSender] RegisterReceiver not supported on sender side, route=/sg_tool/./slo_data_receiver
[28436:24280:0712/001001.107:WARNING:t_skinfilemap.cpp(63)] SGRenderLog:CheckUpdate newMem.OpenMem Suc, szNewMem:Local\sgime_skin.v3.filemap.sogouime
[28436:24280:0712/001001.107:WARNING:t_skinfilemap.cpp(65)] SGRenderLog:CheckUpdate finish: old version:1
[28436:24280:0712/001001.107:WARNING:t_skinfilemap.cpp(67)] SGRenderLog:CheckUpdate finish: new version:3
[8468:19392:0720/035106.107:WARNING:kernel_switch.cc(95)] [Engine] GetProductDataInfo failed for: input_cloud_request_rank_1
[8468:19392:0720/035106.107:WARNING:kernel_switch.cc(95)] [Engine] GetProductDataInfo failed for: input_cloud_request_type_1
[8468:19392:0720/035106.107:WARNING:data_router_sender.cpp(44)] [DataRouterSender] RegisterReceiver not supported on sender side, route=/sg_tool/./slo_data_receiver
[8468:19392:0720/035106.137:WARNING:t_skinfilemap.cpp(63)] SGRenderLog:CheckUpdate newMem.OpenMem Suc, szNewMem:Local\sgime_skin.v3.filemap.sogouime
[8468:19392:0720/035106.137:WARNING:t_skinfilemap.cpp(65)] SGRenderLog:CheckUpdate finish: old version:1
[8468:19392:0720/035106.137:WARNING:t_skinfilemap.cpp(67)] SGRenderLog:CheckUpdate finish: new version:3
[10964:21764:0720/042423.165:WARNING:kernel_switch.cc(95)] [Engine] GetProductDataInfo failed for: input_cloud_request_rank_1
[10964:21764:0720/042423.165:WARNING:kernel_switch.cc(95)] [Engine] GetProductDataInfo failed for: input_cloud_request_type_1
[10964:21764:0720/042423.165:WARNING:data_router_sender.cpp(44)] [DataRouterSender] RegisterReceiver not supported on sender side, route=/sg_tool/./slo_data_receiver
[10964:21764:0720/042423.188:WARNING:t_skinfilemap.cpp(63)] SGRenderLog:CheckUpdate newMem.OpenMem Suc, szNewMem:Local\sgime_skin.v3.filemap.sogouime
[10964:21764:0720/042423.188:WARNING:t_skinfilemap.cpp(65)] SGRenderLog:CheckUpdate finish: old version:1
[10964:21764:0720/042423.188:WARNING:t_skinfilemap.cpp(67)] SGRenderLog:CheckUpdate finish: new version:3
[33316:41576:0720/042549.867:WARNING:kernel_switch.cc(95)] [Engine] GetProductDataInfo failed for: input_cloud_request_rank_1
[33316:41576:0720/042549.867:WARNING:kernel_switch.cc(95)] [Engine] GetProductDataInfo failed for: input_cloud_request_type_1
[33316:41576:0720/042549.868:WARNING:data_router_sender.cpp(44)] [DataRouterSender] RegisterReceiver not supported on sender side, route=/sg_tool/./slo_data_receiver
[33316:41576:0720/042549.893:WARNING:t_skinfilemap.cpp(63)] SGRenderLog:CheckUpdate newMem.OpenMem Suc, szNewMem:Local\sgime_skin.v3.filemap.sogouime
[33316:41576:0720/042549.893:WARNING:t_skinfilemap.cpp(65)] SGRenderLog:CheckUpdate finish: old version:1
[33316:41576:0720/042549.893:WARNING:t_skinfilemap.cpp(67)] SGRenderLog:CheckUpdate finish: new version:3
[30072:8656:0721/171051.729:WARNING:kernel_switch.cc(95)] [Engine] GetProductDataInfo failed for: input_cloud_request_rank_1
[30072:8656:0721/171051.729:WARNING:kernel_switch.cc(95)] [Engine] GetProductDataInfo failed for: input_cloud_request_type_1
[30072:8656:0721/171051.730:WARNING:data_router_sender.cpp(44)] [DataRouterSender] RegisterReceiver not supported on sender side, route=/sg_tool/./slo_data_receiver
[30072:8656:0721/171051.754:WARNING:t_skinfilemap.cpp(63)] SGRenderLog:CheckUpdate newMem.OpenMem Suc, szNewMem:Local\sgime_skin.v2.filemap.sogouime
[30072:8656:0721/171051.754:WARNING:t_skinfilemap.cpp(65)] SGRenderLog:CheckUpdate finish: old version:1
[30072:8656:0721/171051.754:WARNING:t_skinfilemap.cpp(67)] SGRenderLog:CheckUpdate finish: new version:2
[34808:19556:0723/105427.266:WARNING:kernel_switch.cc(95)] [Engine] GetProductDataInfo failed for: input_cloud_request_rank_1
[34808:19556:0723/105427.266:WARNING:kernel_switch.cc(95)] [Engine] GetProductDataInfo failed for: input_cloud_request_type_1
[34808:19556:0723/105427.267:WARNING:data_router_sender.cpp(44)] [DataRouterSender] RegisterReceiver not supported on sender side, route=/sg_tool/./slo_data_receiver
[34808:19556:0723/105427.286:WARNING:t_skinfilemap.cpp(63)] SGRenderLog:CheckUpdate newMem.OpenMem Suc, szNewMem:Local\sgime_skin.v2.filemap.sogouime
[34808:19556:0723/105427.286:WARNING:t_skinfilemap.cpp(65)] SGRenderLog:CheckUpdate finish: old version:1
[34808:19556:0723/105427.286:WARNING:t_skinfilemap.cpp(67)] SGRenderLog:CheckUpdate finish: new version:2
[51584:43796:0723/105623.321:WARNING:kernel_switch.cc(95)] [Engine] GetProductDataInfo failed for: input_cloud_request_rank_1
[51584:43796:0723/105623.322:WARNING:kernel_switch.cc(95)] [Engine] GetProductDataInfo failed for: input_cloud_request_type_1
[51584:43796:0723/105623.322:WARNING:data_router_sender.cpp(44)] [DataRouterSender] RegisterReceiver not supported on sender side, route=/sg_tool/./slo_data_receiver
[51584:43796:0723/105623.346:WARNING:t_skinfilemap.cpp(63)] SGRenderLog:CheckUpdate newMem.OpenMem Suc, szNewMem:Local\sgime_skin.v2.filemap.sogouime
[51584:43796:0723/105623.346:WARNING:t_skinfilemap.cpp(65)] SGRenderLog:CheckUpdate finish: old version:1
[51584:43796:0723/105623.346:WARNING:t_skinfilemap.cpp(67)] SGRenderLog:CheckUpdate finish: new version:2
[44068:42236:0723/105735.872:WARNING:kernel_switch.cc(95)] [Engine] GetProductDataInfo failed for: input_cloud_request_rank_1
[44068:42236:0723/105735.872:WARNING:kernel_switch.cc(95)] [Engine] GetProductDataInfo failed for: input_cloud_request_type_1
[44068:42236:0723/105735.873:WARNING:data_router_sender.cpp(44)] [DataRouterSender] RegisterReceiver not supported on sender side, route=/sg_tool/./slo_data_receiver
[44068:42236:0723/105735.897:WARNING:t_skinfilemap.cpp(63)] SGRenderLog:CheckUpdate newMem.OpenMem Suc, szNewMem:Local\sgime_skin.v2.filemap.sogouime
[44068:42236:0723/105735.897:WARNING:t_skinfilemap.cpp(65)] SGRenderLog:CheckUpdate finish: old version:1
[44068:42236:0723/105735.897:WARNING:t_skinfilemap.cpp(67)] SGRenderLog:CheckUpdate finish: new version:2
[36228:53256:0723/105825.666:WARNING:kernel_switch.cc(95)] [Engine] GetProductDataInfo failed for: input_cloud_request_rank_1
[36228:53256:0723/105825.666:WARNING:kernel_switch.cc(95)] [Engine] GetProductDataInfo failed for: input_cloud_request_type_1
[36228:53256:0723/105825.666:WARNING:data_router_sender.cpp(44)] [DataRouterSender] RegisterReceiver not supported on sender side, route=/sg_tool/./slo_data_receiver
[36228:53256:0723/105825.690:WARNING:t_skinfilemap.cpp(63)] SGRenderLog:CheckUpdate newMem.OpenMem Suc, szNewMem:Local\sgime_skin.v2.filemap.sogouime
[36228:53256:0723/105825.690:WARNING:t_skinfilemap.cpp(65)] SGRenderLog:CheckUpdate finish: old version:1
[36228:53256:0723/105825.690:WARNING:t_skinfilemap.cpp(67)] SGRenderLog:CheckUpdate finish: new version:2
[26828:67160:0723/105832.671:WARNING:kernel_switch.cc(95)] [Engine] GetProductDataInfo failed for: input_cloud_request_rank_1
[26828:67160:0723/105832.671:WARNING:kernel_switch.cc(95)] [Engine] GetProductDataInfo failed for: input_cloud_request_type_1
[26828:67160:0723/105832.671:WARNING:data_router_sender.cpp(44)] [DataRouterSender] RegisterReceiver not supported on sender side, route=/sg_tool/./slo_data_receiver
[26828:67160:0723/105832.697:WARNING:t_skinfilemap.cpp(63)] SGRenderLog:CheckUpdate newMem.OpenMem Suc, szNewMem:Local\sgime_skin.v2.filemap.sogouime
[26828:67160:0723/105832.697:WARNING:t_skinfilemap.cpp(65)] SGRenderLog:CheckUpdate finish: old version:1
[26828:67160:0723/105832.697:WARNING:t_skinfilemap.cpp(67)] SGRenderLog:CheckUpdate finish: new version:2
[54644:42348:0723/110341.626:WARNING:kernel_switch.cc(95)] [Engine] GetProductDataInfo failed for: input_cloud_request_rank_1
[54644:42348:0723/110341.626:WARNING:kernel_switch.cc(95)] [Engine] GetProductDataInfo failed for: input_cloud_request_type_1
[54644:42348:0723/110341.626:WARNING:data_router_sender.cpp(44)] [DataRouterSender] RegisterReceiver not supported on sender side, route=/sg_tool/./slo_data_receiver
[54644:42348:0723/110341.655:WARNING:t_skinfilemap.cpp(63)] SGRenderLog:CheckUpdate newMem.OpenMem Suc, szNewMem:Local\sgime_skin.v2.filemap.sogouime
[54644:42348:0723/110341.655:WARNING:t_skinfilemap.cpp(65)] SGRenderLog:CheckUpdate finish: old version:1
[54644:42348:0723/110341.655:WARNING:t_skinfilemap.cpp(67)] SGRenderLog:CheckUpdate finish: new version:2
[16212:67284:0723/110550.923:WARNING:kernel_switch.cc(95)] [Engine] GetProductDataInfo failed for: input_cloud_request_rank_1
[16212:67284:0723/110550.923:WARNING:kernel_switch.cc(95)] [Engine] GetProductDataInfo failed for: input_cloud_request_type_1
[16212:67284:0723/110550.924:WARNING:data_router_sender.cpp(44)] [DataRouterSender] RegisterReceiver not supported on sender side, route=/sg_tool/./slo_data_receiver
[16212:67284:0723/110550.950:WARNING:t_skinfilemap.cpp(63)] SGRenderLog:CheckUpdate newMem.OpenMem Suc, szNewMem:Local\sgime_skin.v2.filemap.sogouime
[16212:67284:0723/110550.950:WARNING:t_skinfilemap.cpp(65)] SGRenderLog:CheckUpdate finish: old version:1
[16212:67284:0723/110550.950:WARNING:t_skinfilemap.cpp(67)] SGRenderLog:CheckUpdate finish: new version:2
[66084:19108:0723/110715.900:WARNING:kernel_switch.cc(95)] [Engine] GetProductDataInfo failed for: input_cloud_request_rank_1
[66084:19108:0723/110715.900:WARNING:kernel_switch.cc(95)] [Engine] GetProductDataInfo failed for: input_cloud_request_type_1
[66084:19108:0723/110715.900:WARNING:data_router_sender.cpp(44)] [DataRouterSender] RegisterReceiver not supported on sender side, route=/sg_tool/./slo_data_receiver
[66084:19108:0723/110715.921:WARNING:t_skinfilemap.cpp(63)] SGRenderLog:CheckUpdate newMem.OpenMem Suc, szNewMem:Local\sgime_skin.v2.filemap.sogouime
[66084:19108:0723/110715.921:WARNING:t_skinfilemap.cpp(65)] SGRenderLog:CheckUpdate finish: old version:1
[66084:19108:0723/110715.921:WARNING:t_skinfilemap.cpp(67)] SGRenderLog:CheckUpdate finish: new version:2
[27628:46208:0726/002833.707:WARNING:kernel_switch.cc(95)] [Engine] GetProductDataInfo failed for: input_cloud_request_rank_1
[27628:46208:0726/002833.707:WARNING:kernel_switch.cc(95)] [Engine] GetProductDataInfo failed for: input_cloud_request_type_1
[27628:46208:0726/002833.708:WARNING:data_router_sender.cpp(44)] [DataRouterSender] RegisterReceiver not supported on sender side, route=/sg_tool/./slo_data_receiver
[27628:46208:0726/002833.724:WARNING:t_skinfilemap.cpp(63)] SGRenderLog:CheckUpdate newMem.OpenMem Suc, szNewMem:Local\sgime_skin.v4.filemap.sogouime
[27628:46208:0726/002833.724:WARNING:t_skinfilemap.cpp(65)] SGRenderLog:CheckUpdate finish: old version:1
[27628:46208:0726/002833.724:WARNING:t_skinfilemap.cpp(67)] SGRenderLog:CheckUpdate finish: new version:4
[64816:22900:0726/005114.373:WARNING:kernel_switch.cc(95)] [Engine] GetProductDataInfo failed for: input_cloud_request_rank_1
[64816:22900:0726/005114.373:WARNING:kernel_switch.cc(95)] [Engine] GetProductDataInfo failed for: input_cloud_request_type_1
[64816:22900:0726/005114.373:WARNING:data_router_sender.cpp(44)] [DataRouterSender] RegisterReceiver not supported on sender side, route=/sg_tool/./slo_data_receiver
[64816:22900:0726/005114.398:WARNING:t_skinfilemap.cpp(63)] SGRenderLog:CheckUpdate newMem.OpenMem Suc, szNewMem:Local\sgime_skin.v4.filemap.sogouime
[64816:22900:0726/005114.398:WARNING:t_skinfilemap.cpp(65)] SGRenderLog:CheckUpdate finish: old version:1
[64816:22900:0726/005114.398:WARNING:t_skinfilemap.cpp(67)] SGRenderLog:CheckUpdate finish: new version:4
[22116:45932:0726/012407.101:WARNING:kernel_switch.cc(95)] [Engine] GetProductDataInfo failed for: input_cloud_request_rank_1
[22116:45932:0726/012407.101:WARNING:kernel_switch.cc(95)] [Engine] GetProductDataInfo failed for: input_cloud_request_type_1
[22116:45932:0726/012407.101:WARNING:data_router_sender.cpp(44)] [DataRouterSender] RegisterReceiver not supported on sender side, route=/sg_tool/./slo_data_receiver
[22116:45932:0726/012407.127:WARNING:t_skinfilemap.cpp(63)] SGRenderLog:CheckUpdate newMem.OpenMem Suc, szNewMem:Local\sgime_skin.v4.filemap.sogouime
[22116:45932:0726/012407.128:WARNING:t_skinfilemap.cpp(65)] SGRenderLog:CheckUpdate finish: old version:1
[22116:45932:0726/012407.128:WARNING:t_skinfilemap.cpp(67)] SGRenderLog:CheckUpdate finish: new version:4
[37312:27560:0726/012434.695:WARNING:kernel_switch.cc(95)] [Engine] GetProductDataInfo failed for: input_cloud_request_rank_1
[37312:27560:0726/012434.695:WARNING:kernel_switch.cc(95)] [Engine] GetProductDataInfo failed for: input_cloud_request_type_1
[37312:27560:0726/012434.695:WARNING:data_router_sender.cpp(44)] [DataRouterSender] RegisterReceiver not supported on sender side, route=/sg_tool/./slo_data_receiver
[37312:27560:0726/012434.717:WARNING:t_skinfilemap.cpp(63)] SGRenderLog:CheckUpdate newMem.OpenMem Suc, szNewMem:Local\sgime_skin.v4.filemap.sogouime
[37312:27560:0726/012434.717:WARNING:t_skinfilemap.cpp(65)] SGRenderLog:CheckUpdate finish: old version:1
[37312:27560:0726/012434.717:WARNING:t_skinfilemap.cpp(67)] SGRenderLog:CheckUpdate finish: new version:4
[42960:69624:0726/012747.225:WARNING:kernel_switch.cc(95)] [Engine] GetProductDataInfo failed for: input_cloud_request_rank_1
[42960:69624:0726/012747.225:WARNING:kernel_switch.cc(95)] [Engine] GetProductDataInfo failed for: input_cloud_request_type_1
[42960:69624:0726/012747.225:WARNING:data_router_sender.cpp(44)] [DataRouterSender] RegisterReceiver not supported on sender side, route=/sg_tool/./slo_data_receiver
[42960:69624:0726/012747.248:WARNING:t_skinfilemap.cpp(63)] SGRenderLog:CheckUpdate newMem.OpenMem Suc, szNewMem:Local\sgime_skin.v4.filemap.sogouime
[42960:69624:0726/012747.248:WARNING:t_skinfilemap.cpp(65)] SGRenderLog:CheckUpdate finish: old version:1
[42960:69624:0726/012747.248:WARNING:t_skinfilemap.cpp(67)] SGRenderLog:CheckUpdate finish: new version:4
[29184:50920:0726/020241.394:WARNING:kernel_switch.cc(95)] [Engine] GetProductDataInfo failed for: input_cloud_request_rank_1
[29184:50920:0726/020241.394:WARNING:kernel_switch.cc(95)] [Engine] GetProductDataInfo failed for: input_cloud_request_type_1
[29184:50920:0726/020241.394:WARNING:data_router_sender.cpp(44)] [DataRouterSender] RegisterReceiver not supported on sender side, route=/sg_tool/./slo_data_receiver
[29184:50920:0726/020241.417:WARNING:t_skinfilemap.cpp(63)] SGRenderLog:CheckUpdate newMem.OpenMem Suc, szNewMem:Local\sgime_skin.v4.filemap.sogouime
[29184:50920:0726/020241.417:WARNING:t_skinfilemap.cpp(65)] SGRenderLog:CheckUpdate finish: old version:1
[29184:50920:0726/020241.417:WARNING:t_skinfilemap.cpp(67)] SGRenderLog:CheckUpdate finish: new version:4
