
============================================================
  THEMIS C2I Dispatcher
  Mode:             async
  Output dir:       /mnt/afs/zhengmingkai/zyr/THEMIS/c2i_faster/output_DiT_noexpert_3
  Step:             without-expert (router-only direct scoring)
  Images:           500
  API concurrency:  20
============================================================

  [CACHE] Router: hit=1429 tokens, created=0 tokens
  [000015] DirectScore: alignment=4.85 artifact=5.00
  [CACHE] Router: hit=1429 tokens, created=0 tokens
  [000000] DirectScore: alignment=5.00 artifact=5.00
  [CACHE] Router: hit=1429 tokens, created=0 tokens
  [000004] DirectScore: alignment=5.00 artifact=5.00
  [CACHE] Router: hit=1429 tokens, created=0 tokens
  [000002] DirectScore: alignment=5.00 artifact=5.00
  [CACHE] Router: hit=1429 tokens, created=0 tokens
  [000016] DirectScore: alignment=3.85 artifact=4.20
  [CACHE] Router: hit=1429 tokens, created=0 tokens
  [000017] DirectScore: alignment=3.95 artifact=4.10
  [CACHE] Router: hit=1429 tokens, created=0 tokens
  [000014] DirectScore: alignment=5.00 artifact=5.00
  [CACHE] Router: hit=1429 tokens, created=0 tokens
  [000001] DirectScore: alignment=4.85 artifact=3.65
  [CACHE] Router: hit=1429 tokens, created=0 tokens
  [000019] DirectScore: alignment=4.65 artifact=3.85
  [CACHE] Router: hit=1429 tokens, created=0 tokens
  [000006] DirectScore: alignment=5.00 artifact=5.00
  [CACHE] Router: hit=1429 tokens, created=0 tokens
  [000018] DirectScore: alignment=2.85 artifact=2.10
  [CACHE] Router: hit=1429 tokens, created=0 tokens
  [000011] DirectScore: alignment=4.35 artifact=4.65
  [CACHE] Router: hit=1429 tokens, created=0 tokens
  [000013] DirectScore: alignment=4.92 artifact=4.65
  [CACHE] Router: hit=1429 tokens, created=0 tokens
  [000005] DirectScore: alignment=4.65 artifact=4.20
  [CACHE] Router: hit=1429 tokens, created=0 tokens
  [000003] DirectScore: alignment=4.85 artifact=3.92
  [CACHE] Router: hit=1429 tokens, created=0 tokens
  [000009] DirectScore: alignment=4.85 artifact=4.60
  [CACHE] Router: hit=1429 tokens, created=0 tokens
  [000007] DirectScore: alignment=4.35 artifact=4.85
  [CACHE] Router: hit=1429 tokens, created=0 tokens
  [000010] DirectScore: alignment=4.85 artifact=4.60
  [CACHE] Router: hit=1429 tokens, created=0 tokens
  [000008] DirectScore: alignment=3.85 artifact=3.20
  [CACHE] Router: hit=1429 tokens, created=0 tokens
  [000012] DirectScore: alignment=2.15 artifact=1.80
  [CACHE] Router: hit=1429 tokens, created=0 tokens
  [000020] DirectScore: alignment=4.85 artifact=5.00
  [CACHE] Router: hit=1429 tokens, created=0 tokens
  [000021] DirectScore: alignment=2.15 artifact=3.85
  [CACHE] Router: hit=1429 tokens, created=0 tokens
  [000022] DirectScore: alignment=4.85 artifact=4.30
  [CACHE] Router: hit=1429 tokens, created=0 tokens
  [000023] DirectScore: alignment=2.14 artifact=3.85
  [CACHE] Router: hit=1429 tokens, created=0 tokens
  [000024] DirectScore: alignment=3.45 artifact=3.80
  [CACHE] Router: hit=1429 tokens, created=0 tokens
  [000027] DirectScore: alignment=4.65 artifact=5.00
  [CACHE] Router: hit=1429 tokens, created=0 tokens
  [000025] DirectScore: alignment=4.65 artifact=4.20
  [CACHE] Router: hit=1429 tokens, created=0 tokens
  [000029] DirectScore: alignment=5.00 artifact=5.00
  [CACHE] Router: hit=1429 tokens, created=0 tokens
  [000035] DirectScore: alignment=5.00 artifact=5.00
  [CACHE] Router: hit=1429 tokens, created=0 tokens
  [000037] DirectScore: alignment=5.00 artifact=5.00
  [CACHE] Router: hit=1429 tokens, created=0 tokens
  [000038] DirectScore: alignment=4.65 artifact=5.00
  [CACHE] Router: hit=1429 tokens, created=0 tokens
  [000039] DirectScore: alignment=5.00 artifact=5.00
  [CACHE] Router: hit=1429 tokens, created=0 tokens
  [000031] DirectScore: alignment=4.85 artifact=5.00
  [CACHE] Router: hit=1429 tokens, created=0 tokens
  [000030] DirectScore: alignment=4.85 artifact=5.00
  [CACHE] Router: hit=1429 tokens, created=0 tokens
  [000028] DirectScore: alignment=3.45 artifact=3.82
  [CACHE] Router: hit=1429 tokens, created=0 tokens
  [000033] DirectScore: alignment=4.85 artifact=5.00
  [CACHE] Router: hit=1429 tokens, created=0 tokens
  [000036] DirectScore: alignment=1.85 artifact=2.40
  [CACHE] Router: hit=1429 tokens, created=0 tokens
  [000032] DirectScore: alignment=4.35 artifact=4.60
  [CACHE] Router: hit=1429 tokens, created=0 tokens
  [000026] DirectScore: alignment=3.42 artifact=3.85
  [CACHE] Router: hit=1429 tokens, created=0 tokens
  [000034] DirectScore: alignment=4.65 artifact=4.30
  [CACHE] Router: hit=1429 tokens, created=0 tokens
  [000040] DirectScore: alignment=4.35 artifact=4.60
  [CACHE] Router: hit=1429 tokens, created=0 tokens
  [000041] DirectScore: alignment=5.00 artifact=5.00
  [CACHE] Router: hit=1429 tokens, created=0 tokens
  [000042] DirectScore: alignment=5.00 artifact=5.00
  [CACHE] Router: hit=1429 tokens, created=0 tokens
  [000043] DirectScore: alignment=4.92 artifact=3.85
  [CACHE] Router: hit=1429 tokens, created=0 tokens
  [000045] DirectScore: alignment=4.65 artifact=5.00
  [CACHE] Router: hit=1429 tokens, created=0 tokens
  [000044] DirectScore: alignment=1.85 artifact=3.42
  [CACHE] Router: hit=1429 tokens, created=0 tokens
  [000056] DirectScore: alignment=5.00 artifact=5.00
  [CACHE] Router: hit=1429 tokens, created=0 tokens
  [000055] DirectScore: alignment=5.00 artifact=5.00
  [CACHE] Router: hit=1429 tokens, created=0 tokens
  [000057] DirectScore: alignment=5.00 artifact=5.00
  [CACHE] Router: hit=1429 tokens, created=0 tokens
  [000048] DirectScore: alignment=1.85 artifact=3.65
  [CACHE] Router: hit=1429 tokens, created=0 tokens
  [000046] DirectScore: alignment=3.85 artifact=4.20
  [CACHE] Router: hit=1429 tokens, created=0 tokens
  [000058] DirectScore: alignment=5.00 artifact=5.00
  [CACHE] Router: hit=1429 tokens, created=0 tokens
  [000059] DirectScore: alignment=5.00 artifact=5.00
  [CACHE] Router: hit=1429 tokens, created=0 tokens
  [000049] DirectScore: alignment=3.85 artifact=4.20
  [CACHE] Router: hit=1429 tokens, created=0 tokens
  [000047] DirectScore: alignment=3.42 artifact=3.85
  [CACHE] Router: hit=1429 tokens, created=0 tokens
  [000050] DirectScore: alignment=4.92 artifact=4.65
  [CACHE] Router: hit=1429 tokens, created=0 tokens
  [000051] DirectScore: alignment=4.92 artifact=3.65
  [CACHE] Router: hit=1429 tokens, created=0 tokens
  [000053] DirectScore: alignment=4.85 artifact=3.75
  [CACHE] Router: hit=1429 tokens, created=0 tokens
  [000054] DirectScore: alignment=4.85 artifact=3.92
  [CACHE] Router: hit=1429 tokens, created=0 tokens
  [000052] DirectScore: alignment=4.85 artifact=2.10
  [CACHE] Router: hit=1429 tokens, created=0 tokens
  [000060] DirectScore: alignment=5.00 artifact=4.35
  [CACHE] Router: hit=1429 tokens, created=0 tokens
  [000061] DirectScore: alignment=4.85 artifact=3.60
  [CACHE] Router: hit=1429 tokens, created=0 tokens
  [000062] DirectScore: alignment=4.92 artifact=4.35
  [CACHE] Router: hit=1429 tokens, created=0 tokens
  [000064] DirectScore: alignment=5.00 artifact=5.00
  [CACHE] Router: hit=1429 tokens, created=0 tokens
  [000063] DirectScore: alignment=5.00 artifact=5.00
  [CACHE] Router: hit=1429 tokens, created=0 tokens
  [000066] DirectScore: alignment=5.00 artifact=5.00
  [CACHE] Router: hit=1429 tokens, created=0 tokens
  [000067] DirectScore: alignment=5.00 artifact=5.00
  [CACHE] Router: hit=1429 tokens, created=0 tokens
  [000065] DirectScore: alignment=5.00 artifact=5.00
  [CACHE] Router: hit=1429 tokens, created=0 tokens
  [000068] DirectScore: alignment=5.00 artifact=5.00
  [CACHE] Router: hit=1429 tokens, created=0 tokens
  [000069] DirectScore: alignment=5.00 artifact=5.00
  [CACHE] Router: hit=1429 tokens, created=0 tokens
  [000073] DirectScore: alignment=5.00 artifact=5.00
  [CACHE] Router: hit=1429 tokens, created=0 tokens
  [000074] DirectScore: alignment=4.92 artifact=5.00
  [CACHE] Router: hit=1429 tokens, created=0 tokens
  [000075] DirectScore: alignment=4.12 artifact=3.85
  [CACHE] Router: hit=1429 tokens, created=0 tokens
  [000070] DirectScore: alignment=3.85 artifact=4.15
  [CACHE] Router: hit=1429 tokens, created=0 tokens
  [000072] DirectScore: alignment=3.85 artifact=4.10
  [CACHE] Router: hit=1429 tokens, created=0 tokens
  [000071] DirectScore: alignment=2.85 artifact=3.62
  [CACHE] Router: hit=1429 tokens, created=0 tokens
  [000079] DirectScore: alignment=3.85 artifact=4.20
  [CACHE] Router: hit=1429 tokens, created=0 tokens
  [000077] DirectScore: alignment=4.65 artifact=4.35
  [CACHE] Router: hit=1429 tokens, created=0 tokens
  [000078] DirectScore: alignment=3.85 artifact=4.12
  [CACHE] Router: hit=1429 tokens, created=0 tokens
  [000076] DirectScore: alignment=3.85 artifact=4.20
  [CACHE] Router: hit=1429 tokens, created=0 tokens
  [000083] DirectScore: alignment=5.00 artifact=5.00
  [CACHE] Router: hit=1429 tokens, created=0 tokens
  [000084] DirectScore: alignment=5.00 artifact=5.00
  [CACHE] Router: hit=1429 tokens, created=0 tokens
  [000080] DirectScore: alignment=4.20 artifact=4.30
  [CACHE] Router: hit=1429 tokens, created=0 tokens
  [000082] DirectScore: alignment=4.85 artifact=4.20
  [CACHE] Router: hit=1429 tokens, created=0 tokens
  [000081] DirectScore: alignment=4.92 artifact=3.85
  [CACHE] Router: hit=1429 tokens, created=0 tokens
  [000086] DirectScore: alignment=4.85 artifact=5.00
  [CACHE] Router: hit=1429 tokens, created=0 tokens
  [000088] DirectScore: alignment=4.85 artifact=5.00
  [CACHE] Router: hit=1429 tokens, created=0 tokens
  [000089] DirectScore: alignment=4.85 artifact=5.00
  [CACHE] Router: hit=1429 tokens, created=0 tokens
  [000087] DirectScore: alignment=4.85 artifact=2.90
  [CACHE] Router: hit=1429 tokens, created=0 tokens
  [000085] DirectScore: alignment=4.12 artifact=3.85
  [CACHE] Router: hit=1429 tokens, created=0 tokens
  [000090] DirectScore: alignment=4.85 artifact=3.20
  [CACHE] Router: hit=1429 tokens, created=0 tokens
  [000093] DirectScore: alignment=4.15 artifact=5.00
  [CACHE] Router: hit=1429 tokens, created=0 tokens
  [000094] DirectScore: alignment=5.00 artifact=5.00
  [CACHE] Router: hit=1429 tokens, created=0 tokens
  [000092] DirectScore: alignment=3.45 artifact=4.10
  [CACHE] Router: hit=1429 tokens, created=0 tokens
  [000096] DirectScore: alignment=5.00 artifact=4.65
  [CACHE] Router: hit=1429 tokens, created=0 tokens
  [000091] DirectScore: alignment=4.92 artifact=3.65
  [CACHE] Router: hit=1429 tokens, created=0 tokens
  [000098] DirectScore: alignment=5.00 artifact=5.00
  [CACHE] Router: hit=1429 tokens, created=0 tokens
  [000099] DirectScore: alignment=5.00 artifact=5.00
  [CACHE] Router: hit=1429 tokens, created=0 tokens
  [000097] DirectScore: alignment=4.85 artifact=4.60
  [CACHE] Router: hit=1429 tokens, created=0 tokens
  [000095] DirectScore: alignment=4.92 artifact=4.65
  [CACHE] Router: hit=1429 tokens, created=0 tokens
  [000102] DirectScore: alignment=5.00 artifact=5.00
  [CACHE] Router: hit=1429 tokens, created=0 tokens
  [000106] DirectScore: alignment=5.00 artifact=5.00
  [CACHE] Router: hit=1429 tokens, created=0 tokens
  [000101] DirectScore: alignment=1.85 artifact=3.60
  [CACHE] Router: hit=1429 tokens, created=0 tokens
  [000107] DirectScore: alignment=5.00 artifact=5.00
  [CACHE] Router: hit=1429 tokens, created=0 tokens
  [000105] DirectScore: alignment=4.92 artifact=4.85
  [CACHE] Router: hit=1429 tokens, created=0 tokens
  [000103] DirectScore: alignment=1.85 artifact=2.10
  [CACHE] Router: hit=1429 tokens, created=0 tokens
  [000108] DirectScore: alignment=5.00 artifact=5.00
  [CACHE] Router: hit=1429 tokens, created=0 tokens
  [000104] DirectScore: alignment=4.85 artifact=3.75
  [CACHE] Router: hit=1429 tokens, created=0 tokens
  [000109] DirectScore: alignment=5.00 artifact=5.00
  [CACHE] Router: hit=1429 tokens, created=0 tokens
  [000100] DirectScore: alignment=2.15 artifact=1.85
  [CACHE] Router: hit=1429 tokens, created=0 tokens
  [000110] DirectScore: alignment=5.00 artifact=5.00
  [CACHE] Router: hit=1429 tokens, created=0 tokens
  [000112] DirectScore: alignment=5.00 artifact=5.00
  [CACHE] Router: hit=1429 tokens, created=0 tokens
  [000111] DirectScore: alignment=4.65 artifact=5.00
  [CACHE] Router: hit=1429 tokens, created=0 tokens
  [000113] DirectScore: alignment=5.00 artifact=5.00
  [CACHE] Router: hit=1429 tokens, created=0 tokens
  [000115] DirectScore: alignment=5.00 artifact=5.00
  [CACHE] Router: hit=1429 tokens, created=0 tokens
  [000116] DirectScore: alignment=5.00 artifact=5.00
  [CACHE] Router: hit=1429 tokens, created=0 tokens
  [000118] DirectScore: alignment=5.00 artifact=5.00
  [CACHE] Router: hit=1429 tokens, created=0 tokens
  [000114] DirectScore: alignment=3.65 artifact=4.15
  [CACHE] Router: hit=1429 tokens, created=0 tokens
  [000117] DirectScore: alignment=3.42 artifact=3.85
  [CACHE] Router: hit=1429 tokens, created=0 tokens
  [000119] DirectScore: alignment=5.00 artifact=5.00
  [CACHE] Router: hit=1429 tokens, created=0 tokens
  [000124] DirectScore: alignment=5.00 artifact=5.00
  [CACHE] Router: hit=1429 tokens, created=0 tokens
  [000126] DirectScore: alignment=5.00 artifact=5.00
  [CACHE] Router: hit=1429 tokens, created=0 tokens
  [000120] DirectScore: alignment=3.85 artifact=4.20
  [CACHE] Router: hit=1429 tokens, created=0 tokens
  [000127] DirectScore: alignment=5.00 artifact=5.00
  [CACHE] Router: hit=1429 tokens, created=0 tokens
  [000125] DirectScore: alignment=5.00 artifact=4.20
  [CACHE] Router: hit=1429 tokens, created=0 tokens
  [000121] DirectScore: alignment=3.85 artifact=4.60
  [CACHE] Router: hit=1429 tokens, created=0 tokens
  [000123] DirectScore: alignment=3.85 artifact=4.65
  [CACHE] Router: hit=1429 tokens, created=0 tokens
  [000122] DirectScore: alignment=3.85 artifact=3.42
  [CACHE] Router: hit=1429 tokens, created=0 tokens
  [000128] DirectScore: alignment=4.92 artifact=3.85
  [CACHE] Router: hit=1429 tokens, created=0 tokens
  [000129] DirectScore: alignment=4.15 artifact=3.85
  [CACHE] Router: hit=1429 tokens, created=0 tokens
  [000130] DirectScore: alignment=3.85 artifact=1.92
  [CACHE] Router: hit=1429 tokens, created=0 tokens
  [000133] DirectScore: alignment=4.85 artifact=5.00
  [CACHE] Router: hit=1429 tokens, created=0 tokens
  [000131] DirectScore: alignment=4.65 artifact=3.85
  [CACHE] Router: hit=1429 tokens, created=0 tokens
  [000135] DirectScore: alignment=5.00 artifact=5.00
  [CACHE] Router: hit=1429 tokens, created=0 tokens
  [000134] DirectScore: alignment=4.65 artifact=4.92
  [CACHE] Router: hit=1429 tokens, created=0 tokens
  [000132] DirectScore: alignment=3.42 artifact=3.85
  [CACHE] Router: hit=1429 tokens, created=0 tokens
  [000137] DirectScore: alignment=5.00 artifact=5.00
  [CACHE] Router: hit=1429 tokens, created=0 tokens
  [000138] DirectScore: alignment=5.00 artifact=5.00
  [CACHE] Router: hit=1429 tokens, created=0 tokens
  [000136] DirectScore: alignment=4.65 artifact=3.80
  [CACHE] Router: hit=1429 tokens, created=0 tokens
  [000145] DirectScore: alignment=4.85 artifact=5.00
  [CACHE] Router: hit=1429 tokens, created=0 tokens
  [000140] DirectScore: alignment=4.92 artifact=4.65
  [CACHE] Router: hit=1429 tokens, created=0 tokens
  [000141] DirectScore: alignment=4.65 artifact=4.35
  [CACHE] Router: hit=1429 tokens, created=0 tokens
  [000143] DirectScore: alignment=4.65 artifact=4.85
  [CACHE] Router: hit=1429 tokens, created=0 tokens
  [000142] DirectScore: alignment=4.92 artifact=4.65
  [CACHE] Router: hit=1429 tokens, created=0 tokens
  [000146] DirectScore: alignment=4.35 artifact=3.80
  [CACHE] Router: hit=1429 tokens, created=0 tokens
  [000144] DirectScore: alignment=4.85 artifact=4.20
  [CACHE] Router: hit=1429 tokens, created=0 tokens
  [000139] DirectScore: alignment=4.85 artifact=3.92
  [CACHE] Router: hit=1429 tokens, created=0 tokens
  [000148] DirectScore: alignment=4.65 artifact=4.35
  [CACHE] Router: hit=1429 tokens, created=0 tokens
  [000147] DirectScore: alignment=4.85 artifact=4.60
  [CACHE] Router: hit=1429 tokens, created=0 tokens
  [000150] DirectScore: alignment=5.00 artifact=5.00
  [CACHE] Router: hit=1429 tokens, created=0 tokens
  [000149] DirectScore: alignment=5.00 artifact=5.00
  [CACHE] Router: hit=1429 tokens, created=0 tokens
  [000151] DirectScore: alignment=5.00 artifact=5.00
  [CACHE] Router: hit=1429 tokens, created=0 tokens
  [000153] DirectScore: alignment=5.00 artifact=5.00
  [CACHE] Router: hit=1429 tokens, created=0 tokens
  [000152] DirectScore: alignment=3.45 artifact=3.82
  [CACHE] Router: hit=1429 tokens, created=0 tokens
  [000156] DirectScore: alignment=1.25 artifact=5.00
  [CACHE] Router: hit=1429 tokens, created=0 tokens
  [000154] DirectScore: alignment=2.85 artifact=2.40
  [CACHE] Router: hit=1429 tokens, created=0 tokens
  [CACHE] Router: hit=1429 tokens, created=0 tokens
  [000157] DirectScore: alignment=0.85 artifact=3.65
  [000160] DirectScore: alignment=5.00 artifact=5.00
  [CACHE] Router: hit=1429 tokens, created=0 tokens
  [000155] DirectScore: alignment=1.20 artifact=3.80
  [CACHE] Router: hit=1429 tokens, created=0 tokens
  [000158] DirectScore: alignment=1.20 artifact=3.80
  [CACHE] Router: hit=1429 tokens, created=0 tokens
  [000162] DirectScore: alignment=1.20 artifact=4.20
  [CACHE] Router: hit=1429 tokens, created=0 tokens
  [000161] DirectScore: alignment=4.85 artifact=4.20
  [CACHE] Router: hit=1429 tokens, created=0 tokens
  [000163] DirectScore: alignment=4.35 artifact=4.65
  [CACHE] Router: hit=1429 tokens, created=0 tokens
  [000159] DirectScore: alignment=1.85 artifact=3.42
  [CACHE] Router: hit=1429 tokens, created=0 tokens
  [000168] DirectScore: alignment=4.35 artifact=4.65
  [CACHE] Router: hit=1429 tokens, created=0 tokens
  [000164] DirectScore: alignment=1.85 artifact=3.20
  [CACHE] Router: hit=1429 tokens, created=0 tokens
  [000165] DirectScore: alignment=4.65 artifact=3.20
  [CACHE] Router: hit=1429 tokens, created=0 tokens
  [000170] DirectScore: alignment=4.92 artifact=4.65
  [CACHE] Router: hit=1429 tokens, created=0 tokens
  [000171] DirectScore: alignment=4.92 artifact=4.65
  [CACHE] Router: hit=1429 tokens, created=0 tokens
  [000166] DirectScore: alignment=4.65 artifact=4.20
  [CACHE] Router: hit=1429 tokens, created=0 tokens
  [000167] DirectScore: alignment=3.85 artifact=4.20
  [CACHE] Router: hit=1429 tokens, created=0 tokens
  [000169] DirectScore: alignment=2.15 artifact=1.20
  [CACHE] Router: hit=1429 tokens, created=0 tokens
  [000173] DirectScore: alignment=5.00 artifact=4.65
  [CACHE] Router: hit=1429 tokens, created=0 tokens
  [000175] DirectScore: alignment=5.00 artifact=5.00
  [CACHE] Router: hit=1429 tokens, created=0 tokens
  [000174] DirectScore: alignment=4.85 artifact=3.20
  [CACHE] Router: hit=1429 tokens, created=0 tokens
  [000172] DirectScore: alignment=4.85 artifact=3.60
  [CACHE] Router: hit=1429 tokens, created=0 tokens
  [000177] DirectScore: alignment=5.00 artifact=3.85
  [CACHE] Router: hit=1429 tokens, created=0 tokens
  [000178] DirectScore: alignment=4.85 artifact=3.92
  [CACHE] Router: hit=1429 tokens, created=0 tokens
  [000182] DirectScore: alignment=4.85 artifact=5.00
  [CACHE] Router: hit=1429 tokens, created=0 tokens
  [000179] DirectScore: alignment=5.00 artifact=1.80
  [CACHE] Router: hit=1429 tokens, created=0 tokens
  [000176] DirectScore: alignment=3.85 artifact=3.20
  [CACHE] Router: hit=1429 tokens, created=0 tokens
  [000185] DirectScore: alignment=5.00 artifact=5.00
  [CACHE] Router: hit=1429 tokens, created=0 tokens
  [000180] DirectScore: alignment=4.92 artifact=3.85
  [CACHE] Router: hit=1429 tokens, created=0 tokens
  [000181] DirectScore: alignment=4.65 artifact=3.85
  [CACHE] Router: hit=1429 tokens, created=0 tokens
  [000187] DirectScore: alignment=5.00 artifact=5.00
  [CACHE] Router: hit=1429 tokens, created=0 tokens
  [000184] DirectScore: alignment=4.65 artifact=3.85
  [CACHE] Router: hit=1429 tokens, created=0 tokens
  [000189] DirectScore: alignment=5.00 artifact=5.00
  [CACHE] Router: hit=1429 tokens, created=0 tokens
  [000186] DirectScore: alignment=4.92 artifact=3.65
  [CACHE] Router: hit=1429 tokens, created=0 tokens
  [000183] DirectScore: alignment=2.15 artifact=1.85
  [CACHE] Router: hit=1429 tokens, created=0 tokens
  [000188] DirectScore: alignment=4.92 artifact=4.65
  [CACHE] Router: hit=1429 tokens, created=0 tokens
  [000190] DirectScore: alignment=3.85 artifact=3.92
  [CACHE] Router: hit=1429 tokens, created=0 tokens
  [000191] DirectScore: alignment=1.85 artifact=1.20
  [CACHE] Router: hit=1429 tokens, created=0 tokens
  [000195] DirectScore: alignment=4.12 artifact=3.85
  [CACHE] Router: hit=1429 tokens, created=0 tokens
  [000193] DirectScore: alignment=4.65 artifact=3.85
  [CACHE] Router: hit=1429 tokens, created=0 tokens
  [000196] DirectScore: alignment=5.00 artifact=5.00
  [CACHE] Router: hit=1429 tokens, created=0 tokens
  [000194] DirectScore: alignment=2.85 artifact=3.42
  [CACHE] Router: hit=1429 tokens, created=0 tokens
  [000192] DirectScore: alignment=3.85 artifact=4.20
  [CACHE] Router: hit=1429 tokens, created=0 tokens
  [000198] DirectScore: alignment=4.65 artifact=3.85
  [CACHE] Router: hit=1429 tokens, created=0 tokens
  [000200] DirectScore: alignment=3.85 artifact=4.20
  [CACHE] Router: hit=1429 tokens, created=0 tokens
  [000199] DirectScore: alignment=1.20 artifact=3.80
  [CACHE] Router: hit=1429 tokens, created=0 tokens
  [000197] DirectScore: alignment=2.85 artifact=1.20
  [CACHE] Router: hit=1429 tokens, created=0 tokens
  [000201] DirectScore: alignment=1.85 artifact=2.40
  [CACHE] Router: hit=1429 tokens, created=0 tokens
  [000204] DirectScore: alignment=3.42 artifact=3.85
  [CACHE] Router: hit=1429 tokens, created=0 tokens
  [000202] DirectScore: alignment=0.85 artifact=1.20
  [CACHE] Router: hit=1429 tokens, created=0 tokens
  [000203] DirectScore: alignment=1.85 artifact=1.92
  [CACHE] Router: hit=1429 tokens, created=0 tokens
  [000206] DirectScore: alignment=4.92 artifact=3.85
  [CACHE] Router: hit=1429 tokens, created=0 tokens
  [000209] DirectScore: alignment=5.00 artifact=3.80
  [CACHE] Router: hit=1429 tokens, created=0 tokens
  [000207] DirectScore: alignment=4.85 artifact=2.90
  [CACHE] Router: hit=1429 tokens, created=0 tokens
  [000208] DirectScore: alignment=4.85 artifact=2.80
  [CACHE] Router: hit=1429 tokens, created=0 tokens
  [000205] DirectScore: alignment=1.25 artifact=0.85
  [CACHE] Router: hit=1429 tokens, created=0 tokens
  [000210] DirectScore: alignment=3.85 artifact=3.20
  [CACHE] Router: hit=1429 tokens, created=0 tokens
  [000212] DirectScore: alignment=3.85 artifact=1.92
  [CACHE] Router: hit=1429 tokens, created=0 tokens
  [000213] DirectScore: alignment=3.85 artifact=3.20
  [CACHE] Router: hit=1429 tokens, created=0 tokens
  [000211] DirectScore: alignment=2.85 artifact=1.92
  [CACHE] Router: hit=1429 tokens, created=0 tokens
  [000218] DirectScore: alignment=5.00 artifact=5.00
  [CACHE] Router: hit=1429 tokens, created=0 tokens
  [000216] DirectScore: alignment=5.00 artifact=5.00
  [CACHE] Router: hit=1429 tokens, created=0 tokens
  [000215] DirectScore: alignment=4.92 artifact=3.85
  [CACHE] Router: hit=1429 tokens, created=0 tokens
  [000217] DirectScore: alignment=5.00 artifact=5.00
  [CACHE] Router: hit=1429 tokens, created=0 tokens
  [000214] DirectScore: alignment=3.85 artifact=2.90
  [CACHE] Router: hit=1429 tokens, created=0 tokens
  [000219] DirectScore: alignment=5.00 artifact=5.00
  [CACHE] Router: hit=1429 tokens, created=0 tokens
  [000222] DirectScore: alignment=4.85 artifact=3.75
  [CACHE] Router: hit=1429 tokens, created=0 tokens
  [000221] DirectScore: alignment=4.92 artifact=3.85
  [CACHE] Router: hit=1429 tokens, created=0 tokens
  [000220] DirectScore: alignment=4.12 artifact=1.85
  [CACHE] Router: hit=1429 tokens, created=0 tokens
  [000224] DirectScore: alignment=4.92 artifact=3.85
  [CACHE] Router: hit=1429 tokens, created=0 tokens
  [000227] DirectScore: alignment=5.00 artifact=5.00
  [CACHE] Router: hit=1429 tokens, created=0 tokens
  [000225] DirectScore: alignment=5.00 artifact=4.65
  [CACHE] Router: hit=1429 tokens, created=0 tokens
  [000226] DirectScore: alignment=4.85 artifact=3.90
  [CACHE] Router: hit=1429 tokens, created=0 tokens
  [000223] DirectScore: alignment=2.85 artifact=2.10
  [CACHE] Router: hit=1429 tokens, created=0 tokens
  [000228] DirectScore: alignment=3.85 artifact=2.15
  [CACHE] Router: hit=1429 tokens, created=0 tokens
  [000229] DirectScore: alignment=4.35 artifact=4.65
  [CACHE] Router: hit=1429 tokens, created=0 tokens
  [000230] DirectScore: alignment=2.85 artifact=1.92
  [CACHE] Router: hit=1429 tokens, created=0 tokens
  [000231] DirectScore: alignment=4.15 artifact=2.85
  [CACHE] Router: hit=1429 tokens, created=0 tokens
  [000234] DirectScore: alignment=4.15 artifact=2.85
  [CACHE] Router: hit=1429 tokens, created=0 tokens
  [000233] DirectScore: alignment=4.85 artifact=3.60
  [CACHE] Router: hit=1429 tokens, created=0 tokens
  [000232] DirectScore: alignment=1.25 artifact=3.80
  [CACHE] Router: hit=1429 tokens, created=0 tokens
  [000235] DirectScore: alignment=3.42 artifact=2.85
  [CACHE] Router: hit=1429 tokens, created=0 tokens
  [000237] DirectScore: alignment=4.35 artifact=3.92
  [CACHE] Router: hit=1429 tokens, created=0 tokens
  [000239] DirectScore: alignment=2.85 artifact=3.10
  [CACHE] Router: hit=1429 tokens, created=0 tokens
  [000236] DirectScore: alignment=4.85 artifact=3.92
  [CACHE] Router: hit=1429 tokens, created=0 tokens
  [000238] DirectScore: alignment=4.15 artifact=1.85
  [CACHE] Router: hit=1429 tokens, created=0 tokens
  [000243] DirectScore: alignment=4.65 artifact=5.00
  [CACHE] Router: hit=1429 tokens, created=0 tokens
  [000242] DirectScore: alignment=4.65 artifact=3.80
  [CACHE] Router: hit=1429 tokens, created=0 tokens
  [000240] DirectScore: alignment=5.00 artifact=5.00
  [CACHE] Router: hit=1429 tokens, created=0 tokens
  [000241] DirectScore: alignment=4.85 artifact=4.20
  [CACHE] Router: hit=1429 tokens, created=0 tokens
  [000245] DirectScore: alignment=4.20 artifact=2.80
  [CACHE] Router: hit=1429 tokens, created=0 tokens
  [000244] DirectScore: alignment=4.65 artifact=3.85
  [CACHE] Router: hit=1429 tokens, created=0 tokens
  [000246] DirectScore: alignment=0.85 artifact=3.60
  [CACHE] Router: hit=1429 tokens, created=0 tokens
  [000247] DirectScore: alignment=2.15 artifact=1.80
  [CACHE] Router: hit=1429 tokens, created=0 tokens
  [000249] DirectScore: alignment=1.20 artifact=3.80
  [CACHE] Router: hit=1429 tokens, created=0 tokens
  [000253] DirectScore: alignment=4.85 artifact=5.00
  [CACHE] Router: hit=1429 tokens, created=0 tokens
  [000250] DirectScore: alignment=1.85 artifact=2.40
  [CACHE] Router: hit=1429 tokens, created=0 tokens
  [000248] DirectScore: alignment=0.00 artifact=2.85
  [CACHE] Router: hit=1429 tokens, created=0 tokens
  [000254] DirectScore: alignment=4.35 artifact=4.20
  [CACHE] Router: hit=1429 tokens, created=0 tokens
  [000251] DirectScore: alignment=3.85 artifact=3.92
  [CACHE] Router: hit=1429 tokens, created=0 tokens
  [000252] DirectScore: alignment=0.12 artifact=0.05
  [CACHE] Router: hit=1429 tokens, created=0 tokens
  [000255] DirectScore: alignment=0.00 artifact=1.50
  [CACHE] Router: hit=1429 tokens, created=0 tokens
  [000257] DirectScore: alignment=5.00 artifact=3.80
  [CACHE] Router: hit=1429 tokens, created=0 tokens
  [000260] DirectScore: alignment=5.00 artifact=5.00
  [CACHE] Router: hit=1429 tokens, created=0 tokens
  [000262] DirectScore: alignment=5.00 artifact=5.00
  [CACHE] Router: hit=1429 tokens, created=0 tokens
  [000256] DirectScore: alignment=2.85 artifact=1.92
  [CACHE] Router: hit=1429 tokens, created=0 tokens
  [000261] DirectScore: alignment=3.85 artifact=3.60
  [CACHE] Router: hit=1429 tokens, created=0 tokens
  [000259] DirectScore: alignment=4.65 artifact=3.85
  [CACHE] Router: hit=1429 tokens, created=0 tokens
  [000258] DirectScore: alignment=1.25 artifact=1.80
  [CACHE] Router: hit=1429 tokens, created=0 tokens
  [000265] DirectScore: alignment=3.85 artifact=3.90
  [CACHE] Router: hit=1429 tokens, created=0 tokens
  [000264] DirectScore: alignment=4.35 artifact=3.80
  [CACHE] Router: hit=1429 tokens, created=0 tokens
  [000267] DirectScore: alignment=5.00 artifact=5.00
  [CACHE] Router: hit=1429 tokens, created=0 tokens
  [000266] DirectScore: alignment=4.15 artifact=3.85
  [CACHE] Router: hit=1429 tokens, created=0 tokens
  [000268] DirectScore: alignment=4.92 artifact=1.85
  [CACHE] Router: hit=1429 tokens, created=0 tokens
  [000263] DirectScore: alignment=1.85 artifact=1.20
  [CACHE] Router: hit=1429 tokens, created=0 tokens
  [000269] DirectScore: alignment=4.85 artifact=2.10
  [CACHE] Router: hit=1429 tokens, created=0 tokens
  [000270] DirectScore: alignment=2.15 artifact=2.80
  [CACHE] Router: hit=1429 tokens, created=0 tokens
  [000272] DirectScore: alignment=3.85 artifact=4.10
  [CACHE] Router: hit=1429 tokens, created=0 tokens
  [000271] DirectScore: alignment=3.85 artifact=1.92
  [CACHE] Router: hit=1429 tokens, created=0 tokens
  [000276] DirectScore: alignment=5.00 artifact=5.00
  [CACHE] Router: hit=1429 tokens, created=0 tokens
  [000274] DirectScore: alignment=1.85 artifact=0.92
  [CACHE] Router: hit=1429 tokens, created=0 tokens
  [000275] DirectScore: alignment=3.85 artifact=4.20
  [CACHE] Router: hit=1429 tokens, created=0 tokens
  [000273] DirectScore: alignment=4.85 artifact=3.20
  [CACHE] Router: hit=1429 tokens, created=0 tokens
  [000281] DirectScore: alignment=5.00 artifact=5.00
  [CACHE] Router: hit=1429 tokens, created=0 tokens
  [000279] DirectScore: alignment=3.85 artifact=3.70
  [CACHE] Router: hit=1429 tokens, created=0 tokens
  [000277] DirectScore: alignment=4.12 artifact=2.85
  [CACHE] Router: hit=1429 tokens, created=0 tokens
  [000278] DirectScore: alignment=4.20 artifact=3.80
  [CACHE] Router: hit=1429 tokens, created=0 tokens
  [000280] DirectScore: alignment=5.00 artifact=3.80
  [CACHE] Router: hit=1429 tokens, created=0 tokens
  [000282] DirectScore: alignment=5.00 artifact=2.80
  [CACHE] Router: hit=1429 tokens, created=0 tokens
  [000283] DirectScore: alignment=5.00 artifact=3.85
  [CACHE] Router: hit=1429 tokens, created=0 tokens
  [000284] DirectScore: alignment=5.00 artifact=4.20
  [CACHE] Router: hit=1429 tokens, created=0 tokens
  [000287] DirectScore: alignment=4.85 artifact=3.90
  [CACHE] Router: hit=1429 tokens, created=0 tokens
  [000286] DirectScore: alignment=4.65 artifact=3.92
  [CACHE] Router: hit=1429 tokens, created=0 tokens
  [000288] DirectScore: alignment=4.85 artifact=3.92
  [CACHE] Router: hit=1429 tokens, created=0 tokens
  [000285] DirectScore: alignment=4.85 artifact=2.90
  [CACHE] Router: hit=1429 tokens, created=0 tokens
  [000289] DirectScore: alignment=2.14 artifact=3.85
  [CACHE] Router: hit=1429 tokens, created=0 tokens
  [000290] DirectScore: alignment=3.85 artifact=3.20
  [CACHE] Router: hit=1429 tokens, created=0 tokens
  [000292] DirectScore: alignment=4.65 artifact=3.85
  [CACHE] Router: hit=1429 tokens, created=0 tokens
  [000295] DirectScore: alignment=0.00 artifact=5.00
  [CACHE] Router: hit=1429 tokens, created=0 tokens
  [000293] DirectScore: alignment=3.20 artifact=1.80
  [CACHE] Router: hit=1429 tokens, created=0 tokens
  [000291] DirectScore: alignment=4.65 artifact=3.85
  [CACHE] Router: hit=1429 tokens, created=0 tokens
  [000294] DirectScore: alignment=4.15 artifact=2.85
  [CACHE] Router: hit=1429 tokens, created=0 tokens
  [000296] DirectScore: alignment=1.25 artifact=0.85
  [CACHE] Router: hit=1429 tokens, created=0 tokens
  [000300] DirectScore: alignment=4.85 artifact=4.60
  [CACHE] Router: hit=1429 tokens, created=0 tokens
  [000298] DirectScore: alignment=1.20 artifact=3.80
  [CACHE] Router: hit=1429 tokens, created=0 tokens
  [000297] DirectScore: alignment=2.15 artifact=2.80
  [CACHE] Router: hit=1429 tokens, created=0 tokens
  [000299] DirectScore: alignment=1.85 artifact=2.10
  [CACHE] Router: hit=1429 tokens, created=0 tokens
  [000302] DirectScore: alignment=4.85 artifact=3.92
  [CACHE] Router: hit=1429 tokens, created=0 tokens
  [000301] DirectScore: alignment=4.85 artifact=2.80
  [CACHE] Router: hit=1429 tokens, created=0 tokens
  [000304] DirectScore: alignment=4.65 artifact=3.42
  [CACHE] Router: hit=1429 tokens, created=0 tokens
  [000303] DirectScore: alignment=4.85 artifact=3.92
  [CACHE] Router: hit=1429 tokens, created=0 tokens
  [000306] DirectScore: alignment=2.85 artifact=1.90
  [CACHE] Router: hit=1429 tokens, created=0 tokens
  [000305] DirectScore: alignment=1.85 artifact=2.90
  [CACHE] Router: hit=1429 tokens, created=0 tokens
  [000308] DirectScore: alignment=3.20 artifact=1.80
  [CACHE] Router: hit=1429 tokens, created=0 tokens
  [000307] DirectScore: alignment=1.20 artifact=2.80
  [CACHE] Router: hit=1429 tokens, created=0 tokens
  [000309] DirectScore: alignment=3.45 artifact=3.82
  [CACHE] Router: hit=1429 tokens, created=0 tokens
  [000313] DirectScore: alignment=4.85 artifact=3.65
  [CACHE] Router: hit=1429 tokens, created=0 tokens
  [000311] DirectScore: alignment=4.85 artifact=3.60
  [CACHE] Router: hit=1429 tokens, created=0 tokens
  [000312] DirectScore: alignment=2.85 artifact=1.92
  [CACHE] Router: hit=1429 tokens, created=0 tokens
  [000316] DirectScore: alignment=4.92 artifact=4.65
  [CACHE] Router: hit=1429 tokens, created=0 tokens
  [000310] DirectScore: alignment=1.25 artifact=2.80
  [CACHE] Router: hit=1429 tokens, created=0 tokens
  [000314] DirectScore: alignment=3.85 artifact=2.90
  [CACHE] Router: hit=1429 tokens, created=0 tokens
  [000315] DirectScore: alignment=1.20 artifact=1.80
  [CACHE] Router: hit=1429 tokens, created=0 tokens
  [000317] DirectScore: alignment=4.12 artifact=3.45
  [CACHE] Router: hit=1429 tokens, created=0 tokens
  [000320] DirectScore: alignment=4.35 artifact=4.60
  [CACHE] Router: hit=1429 tokens, created=0 tokens
  [000319] DirectScore: alignment=4.92 artifact=3.85
  [CACHE] Router: hit=1429 tokens, created=0 tokens
  [000321] DirectScore: alignment=3.20 artifact=2.80
  [CACHE] Router: hit=1429 tokens, created=0 tokens
  [000318] DirectScore: alignment=2.85 artifact=3.42
  [CACHE] Router: hit=1429 tokens, created=0 tokens
  [000322] DirectScore: alignment=4.65 artifact=2.85
  [CACHE] Router: hit=1429 tokens, created=0 tokens
  [000324] DirectScore: alignment=4.15 artifact=3.85
  [CACHE] Router: hit=1429 tokens, created=0 tokens
  [000325] DirectScore: alignment=4.65 artifact=3.80
  [CACHE] Router: hit=1429 tokens, created=0 tokens
  [000323] DirectScore: alignment=2.85 artifact=3.42
  [CACHE] Router: hit=1429 tokens, created=0 tokens
  [000326] DirectScore: alignment=4.35 artifact=4.60
  [CACHE] Router: hit=1429 tokens, created=0 tokens
  [000328] DirectScore: alignment=4.20 artifact=3.80
  [CACHE] Router: hit=1429 tokens, created=0 tokens
  [000330] DirectScore: alignment=0.00 artifact=3.80
  [CACHE] Router: hit=1429 tokens, created=0 tokens
  [000334] DirectScore: alignment=1.25 artifact=5.00
  [CACHE] Router: hit=1429 tokens, created=0 tokens
  [000327] DirectScore: alignment=4.85 artifact=3.20
  [CACHE] Router: hit=1429 tokens, created=0 tokens
  [000329] DirectScore: alignment=4.65 artifact=3.85
  [CACHE] Router: hit=1429 tokens, created=0 tokens
  [000332] DirectScore: alignment=3.45 artifact=3.82
  [CACHE] Router: hit=1429 tokens, created=0 tokens
  [000331] DirectScore: alignment=3.45 artifact=3.82
  [CACHE] Router: hit=1429 tokens, created=0 tokens
  [000333] DirectScore: alignment=0.85 artifact=2.15
  [CACHE] Router: hit=1429 tokens, created=0 tokens
  [000336] DirectScore: alignment=5.00 artifact=4.90
  [CACHE] Router: hit=1429 tokens, created=0 tokens
  [000335] DirectScore: alignment=4.65 artifact=2.85
  [CACHE] Router: hit=1429 tokens, created=0 tokens
  [000340] DirectScore: alignment=5.00 artifact=5.00
  [CACHE] Router: hit=1429 tokens, created=0 tokens
  [000342] DirectScore: alignment=5.00 artifact=5.00
  [CACHE] Router: hit=1429 tokens, created=0 tokens
  [000337] DirectScore: alignment=5.00 artifact=4.65
  [CACHE] Router: hit=1429 tokens, created=0 tokens
  [000339] DirectScore: alignment=5.00 artifact=1.80
  [CACHE] Router: hit=1429 tokens, created=0 tokens
  [000338] DirectScore: alignment=4.65 artifact=3.85
  [CACHE] Router: hit=1429 tokens, created=0 tokens
  [000343] DirectScore: alignment=4.65 artifact=2.85
  [CACHE] Router: hit=1429 tokens, created=0 tokens
  [000341] DirectScore: alignment=4.20 artifact=2.80
  [CACHE] Router: hit=1429 tokens, created=0 tokens
  [000344] DirectScore: alignment=4.92 artifact=3.65
  [CACHE] Router: hit=1429 tokens, created=0 tokens
  [000346] DirectScore: alignment=4.35 artifact=4.65
  [CACHE] Router: hit=1429 tokens, created=0 tokens
  [000345] DirectScore: alignment=4.35 artifact=3.92
  [CACHE] Router: hit=1429 tokens, created=0 tokens
  [000350] DirectScore: alignment=5.00 artifact=5.00
  [CACHE] Router: hit=1429 tokens, created=0 tokens
  [000347] DirectScore: alignment=4.35 artifact=3.92
  [CACHE] Router: hit=1429 tokens, created=0 tokens
  [000348] DirectScore: alignment=4.85 artifact=3.75
  [CACHE] Router: hit=1429 tokens, created=0 tokens
  [000353] DirectScore: alignment=4.85 artifact=5.00
  [CACHE] Router: hit=1429 tokens, created=0 tokens
  [000352] DirectScore: alignment=5.00 artifact=5.00
  [CACHE] Router: hit=1429 tokens, created=0 tokens
  [000349] DirectScore: alignment=3.85 artifact=2.10
  [CACHE] Router: hit=1429 tokens, created=0 tokens
  [000351] DirectScore: alignment=3.45 artifact=3.82
  [CACHE] Router: hit=1429 tokens, created=0 tokens
  [000354] DirectScore: alignment=4.85 artifact=3.92
  [CACHE] Router: hit=1429 tokens, created=0 tokens
  [000357] DirectScore: alignment=4.65 artifact=3.85
  [CACHE] Router: hit=1429 tokens, created=0 tokens
  [000356] DirectScore: alignment=4.65 artifact=3.85
  [CACHE] Router: hit=1429 tokens, created=0 tokens
  [000355] DirectScore: alignment=4.15 artifact=2.95
  [CACHE] Router: hit=1429 tokens, created=0 tokens
  [000362] DirectScore: alignment=2.85 artifact=4.92
  [CACHE] Router: hit=1429 tokens, created=0 tokens
  [000358] DirectScore: alignment=2.85 artifact=1.92
  [CACHE] Router: hit=1429 tokens, created=0 tokens
  [000361] DirectScore: alignment=4.85 artifact=3.92
  [CACHE] Router: hit=1429 tokens, created=0 tokens
  [000359] DirectScore: alignment=4.65 artifact=3.92
  [CACHE] Router: hit=1429 tokens, created=0 tokens
  [000360] DirectScore: alignment=0.85 artifact=2.40
  [CACHE] Router: hit=1429 tokens, created=0 tokens
  [000365] DirectScore: alignment=3.45 artifact=3.80
  [CACHE] Router: hit=1429 tokens, created=0 tokens
  [000364] DirectScore: alignment=3.85 artifact=4.92
  [CACHE] Router: hit=1429 tokens, created=0 tokens
  [000363] DirectScore: alignment=2.85 artifact=3.92
  [CACHE] Router: hit=1429 tokens, created=0 tokens
  [000366] DirectScore: alignment=3.85 artifact=4.20
  [CACHE] Router: hit=1429 tokens, created=0 tokens
  [000367] DirectScore: alignment=3.85 artifact=3.90
  [CACHE] Router: hit=1429 tokens, created=0 tokens
  [000369] DirectScore: alignment=4.20 artifact=3.80
  [CACHE] Router: hit=1429 tokens, created=0 tokens
  [000368] DirectScore: alignment=0.20 artifact=2.80
  [CACHE] Router: hit=1429 tokens, created=0 tokens
  [000372] DirectScore: alignment=5.00 artifact=5.00
  [CACHE] Router: hit=1429 tokens, created=0 tokens
  [000371] DirectScore: alignment=5.00 artifact=5.00
  [CACHE] Router: hit=1429 tokens, created=0 tokens
  [000370] DirectScore: alignment=5.00 artifact=4.35
  [CACHE] Router: hit=1429 tokens, created=0 tokens
  [000374] DirectScore: alignment=5.00 artifact=5.00
  [CACHE] Router: hit=1429 tokens, created=0 tokens
  [000375] DirectScore: alignment=4.85 artifact=5.00
  [CACHE] Router: hit=1429 tokens, created=0 tokens
  [000380] DirectScore: alignment=5.00 artifact=5.00
  [CACHE] Router: hit=1429 tokens, created=0 tokens
  [000382] DirectScore: alignment=5.00 artifact=5.00
  [CACHE] Router: hit=1429 tokens, created=0 tokens
  [000381] DirectScore: alignment=4.65 artifact=5.00
  [CACHE] Router: hit=1429 tokens, created=0 tokens
  [000373] DirectScore: alignment=1.85 artifact=1.92
  [CACHE] Router: hit=1429 tokens, created=0 tokens
  [000377] DirectScore: alignment=3.65 artifact=4.15
  [CACHE] Router: hit=1429 tokens, created=0 tokens
  [000383] DirectScore: alignment=5.00 artifact=5.00
  [CACHE] Router: hit=1429 tokens, created=0 tokens
  [000376] DirectScore: alignment=3.45 artifact=3.82
  [CACHE] Router: hit=1429 tokens, created=0 tokens
  [000384] DirectScore: alignment=4.85 artifact=5.00
  [CACHE] Router: hit=1429 tokens, created=0 tokens
  [000378] DirectScore: alignment=3.85 artifact=2.90
  [CACHE] Router: hit=1429 tokens, created=0 tokens
  [000379] DirectScore: alignment=4.65 artifact=3.92
  [CACHE] Router: hit=1429 tokens, created=0 tokens
  [000385] DirectScore: alignment=2.85 artifact=3.60
  [CACHE] Router: hit=1429 tokens, created=0 tokens
  [000386] DirectScore: alignment=4.65 artifact=4.85
  [CACHE] Router: hit=1429 tokens, created=0 tokens
  [000389] DirectScore: alignment=3.85 artifact=5.00
  [CACHE] Router: hit=1429 tokens, created=0 tokens
  [000387] DirectScore: alignment=5.00 artifact=3.80
  [CACHE] Router: hit=1429 tokens, created=0 tokens
  [000388] DirectScore: alignment=3.45 artifact=4.10
  [CACHE] Router: hit=1429 tokens, created=0 tokens
  [000392] DirectScore: alignment=2.14 artifact=2.85
  [CACHE] Router: hit=1429 tokens, created=0 tokens
  [000390] DirectScore: alignment=4.65 artifact=2.85
  [CACHE] Router: hit=1429 tokens, created=0 tokens
  [000391] DirectScore: alignment=3.65 artifact=3.82
  [CACHE] Router: hit=1429 tokens, created=0 tokens
  [000393] DirectScore: alignment=2.14 artifact=3.65
  [CACHE] Router: hit=1429 tokens, created=0 tokens
  [000396] DirectScore: alignment=0.15 artifact=4.92
  [CACHE] Router: hit=1429 tokens, created=0 tokens
  [000394] DirectScore: alignment=4.85 artifact=2.90
  [CACHE] Router: hit=1429 tokens, created=0 tokens
  [CACHE] Router: hit=1429 tokens, created=0 tokens
  [000398] DirectScore: alignment=0.20 artifact=3.80
  [000395] DirectScore: alignment=0.15 artifact=1.20
  [CACHE] Router: hit=1429 tokens, created=0 tokens
  [000397] DirectScore: alignment=0.85 artifact=1.20
  [CACHE] Router: hit=1429 tokens, created=0 tokens
  [000400] DirectScore: alignment=4.85 artifact=4.60
  [CACHE] Router: hit=1429 tokens, created=0 tokens
  [000405] DirectScore: alignment=5.00 artifact=5.00
  [CACHE] Router: hit=1429 tokens, created=0 tokens
  [000401] DirectScore: alignment=2.85 artifact=1.92
  [CACHE] Router: hit=1429 tokens, created=0 tokens
  [000399] DirectScore: alignment=0.15 artifact=1.20
  [CACHE] Router: hit=1429 tokens, created=0 tokens
  [000403] DirectScore: alignment=4.85 artifact=4.35
  [CACHE] Router: hit=1429 tokens, created=0 tokens
  [000402] DirectScore: alignment=3.85 artifact=1.20
  [CACHE] Router: hit=1429 tokens, created=0 tokens
  [000404] DirectScore: alignment=2.85 artifact=2.40
  [CACHE] Router: hit=1429 tokens, created=0 tokens
  [000406] DirectScore: alignment=3.42 artifact=2.15
  [CACHE] Router: hit=1429 tokens, created=0 tokens
  [000407] DirectScore: alignment=4.65 artifact=3.82
  [CACHE] Router: hit=1429 tokens, created=0 tokens
  [000409] DirectScore: alignment=3.85 artifact=1.92
  [CACHE] Router: hit=1429 tokens, created=0 tokens
  [000408] DirectScore: alignment=3.45 artifact=3.82
  [CACHE] Router: hit=1429 tokens, created=0 tokens
  [000410] DirectScore: alignment=2.15 artifact=1.80
  [CACHE] Router: hit=1429 tokens, created=0 tokens
  [000411] DirectScore: alignment=2.85 artifact=1.20
  [CACHE] Router: hit=1429 tokens, created=0 tokens
  [000412] DirectScore: alignment=1.85 artifact=1.20
  [CACHE] Router: hit=1429 tokens, created=0 tokens
  [000413] DirectScore: alignment=2.85 artifact=1.20
  [CACHE] Router: hit=1429 tokens, created=0 tokens
  [000414] DirectScore: alignment=1.85 artifact=1.20
  [CACHE] Router: hit=1429 tokens, created=0 tokens
  [000415] DirectScore: alignment=4.92 artifact=3.85
  [CACHE] Router: hit=1429 tokens, created=0 tokens
  [000417] DirectScore: alignment=2.85 artifact=3.60
  [CACHE] Router: hit=1429 tokens, created=0 tokens
  [000416] DirectScore: alignment=2.85 artifact=2.90
  [CACHE] Router: hit=1429 tokens, created=0 tokens
  [000419] DirectScore: alignment=4.92 artifact=2.85
  [CACHE] Router: hit=1429 tokens, created=0 tokens
  [000420] DirectScore: alignment=2.15 artifact=1.80
  [CACHE] Router: hit=1429 tokens, created=0 tokens
  [000418] DirectScore: alignment=2.85 artifact=2.40
  [CACHE] Router: hit=1429 tokens, created=0 tokens
  [000425] DirectScore: alignment=5.00 artifact=5.00
  [CACHE] Router: hit=1429 tokens, created=0 tokens
  [000421] DirectScore: alignment=3.85 artifact=1.92
  [CACHE] Router: hit=1429 tokens, created=0 tokens
  [000422] DirectScore: alignment=1.85 artifact=1.20
  [CACHE] Router: hit=1429 tokens, created=0 tokens
  [000423] DirectScore: alignment=3.85 artifact=1.92
  [CACHE] Router: hit=1429 tokens, created=0 tokens
  [000424] DirectScore: alignment=1.25 artifact=1.10
  [CACHE] Router: hit=1429 tokens, created=0 tokens
  [000431] DirectScore: alignment=5.00 artifact=5.00
  [CACHE] Router: hit=1429 tokens, created=0 tokens
  [000429] DirectScore: alignment=5.00 artifact=5.00
  [CACHE] Router: hit=1429 tokens, created=0 tokens
  [000426] DirectScore: alignment=4.35 artifact=3.80
  [CACHE] Router: hit=1429 tokens, created=0 tokens
  [000427] DirectScore: alignment=4.65 artifact=4.30
  [CACHE] Router: hit=1429 tokens, created=0 tokens
  [000430] DirectScore: alignment=5.00 artifact=5.00
  [CACHE] Router: hit=1429 tokens, created=0 tokens
  [000428] DirectScore: alignment=4.65 artifact=4.35
  [CACHE] Router: hit=1429 tokens, created=0 tokens
  [CACHE] Router: hit=1429 tokens, created=0 tokens
  [000434] DirectScore: alignment=5.00 artifact=5.00
  [000432] DirectScore: alignment=3.85 artifact=1.92
  [CACHE] Router: hit=1429 tokens, created=0 tokens
  [000433] DirectScore: alignment=3.85 artifact=4.10
  [CACHE] Router: hit=1429 tokens, created=0 tokens
  [000435] DirectScore: alignment=4.20 artifact=3.80
  [CACHE] Router: hit=1429 tokens, created=0 tokens
  [000438] DirectScore: alignment=5.00 artifact=5.00
  [CACHE] Router: hit=1429 tokens, created=0 tokens
  [000440] DirectScore: alignment=5.00 artifact=5.00
  [CACHE] Router: hit=1429 tokens, created=0 tokens
  [000439] DirectScore: alignment=5.00 artifact=4.85
  [CACHE] Router: hit=1429 tokens, created=0 tokens
  [000437] DirectScore: alignment=4.85 artifact=4.60
  [CACHE] Router: hit=1429 tokens, created=0 tokens
  [000441] DirectScore: alignment=5.00 artifact=5.00
  [CACHE] Router: hit=1429 tokens, created=0 tokens
  [000436] DirectScore: alignment=4.85 artifact=3.75
  [CACHE] Router: hit=1429 tokens, created=0 tokens
  [000443] DirectScore: alignment=5.00 artifact=5.00
  [CACHE] Router: hit=1429 tokens, created=0 tokens
  [000442] DirectScore: alignment=5.00 artifact=5.00
  [CACHE] Router: hit=1429 tokens, created=0 tokens
  [000444] DirectScore: alignment=5.00 artifact=4.35
  [CACHE] Router: hit=1429 tokens, created=0 tokens
  [000446] DirectScore: alignment=5.00 artifact=5.00
  [CACHE] Router: hit=1429 tokens, created=0 tokens
  [000445] DirectScore: alignment=4.92 artifact=4.65
  [CACHE] Router: hit=1429 tokens, created=0 tokens
  [000450] DirectScore: alignment=5.00 artifact=5.00
  [CACHE] Router: hit=1429 tokens, created=0 tokens
  [000447] DirectScore: alignment=4.85 artifact=2.90
  [CACHE] Router: hit=1429 tokens, created=0 tokens
  [000448] DirectScore: alignment=4.85 artifact=4.60
  [CACHE] Router: hit=1429 tokens, created=0 tokens
  [000449] DirectScore: alignment=4.65 artifact=3.85
  [CACHE] Router: hit=1429 tokens, created=0 tokens
  [000453] DirectScore: alignment=5.00 artifact=5.00
  [CACHE] Router: hit=1429 tokens, created=0 tokens
  [000452] DirectScore: alignment=5.00 artifact=5.00
  [CACHE] Router: hit=1429 tokens, created=0 tokens
  [000457] DirectScore: alignment=5.00 artifact=5.00
  [CACHE] Router: hit=1429 tokens, created=0 tokens
  [000451] DirectScore: alignment=4.35 artifact=4.65
  [CACHE] Router: hit=1429 tokens, created=0 tokens
  [000454] DirectScore: alignment=4.85 artifact=4.60
  [CACHE] Router: hit=1429 tokens, created=0 tokens
  [000456] DirectScore: alignment=4.92 artifact=4.65
  [CACHE] Router: hit=1429 tokens, created=0 tokens
  [000455] DirectScore: alignment=1.85 artifact=3.20
  [CACHE] Router: hit=1429 tokens, created=0 tokens
  [000458] DirectScore: alignment=4.85 artifact=3.90
  [CACHE] Router: hit=1429 tokens, created=0 tokens
  [000460] DirectScore: alignment=3.85 artifact=3.92
  [CACHE] Router: hit=1429 tokens, created=0 tokens
  [000461] DirectScore: alignment=3.85 artifact=3.92
  [CACHE] Router: hit=1429 tokens, created=0 tokens
  [000459] DirectScore: alignment=1.20 artifact=1.50
  [CACHE] Router: hit=1429 tokens, created=0 tokens
  [000462] DirectScore: alignment=4.65 artifact=3.80
  [CACHE] Router: hit=1429 tokens, created=0 tokens
  [000464] DirectScore: alignment=4.35 artifact=4.10
  [CACHE] Router: hit=1429 tokens, created=0 tokens
  [000467] DirectScore: alignment=5.00 artifact=5.00
  [CACHE] Router: hit=1429 tokens, created=0 tokens
  [000463] DirectScore: alignment=1.20 artifact=1.80
  [CACHE] Router: hit=1429 tokens, created=0 tokens
  [000466] DirectScore: alignment=0.85 artifact=1.20
  [CACHE] Router: hit=1429 tokens, created=0 tokens
  [000465] DirectScore: alignment=4.65 artifact=3.85
  [CACHE] Router: hit=1429 tokens, created=0 tokens
  [CACHE] Router: hit=1429 tokens, created=0 tokens
  [000468] DirectScore: alignment=2.15 artifact=3.85
  [CACHE] Router: hit=1429 tokens, created=0 tokens
  [000469] DirectScore: alignment=4.35 artifact=4.65
  [000470] DirectScore: alignment=3.20 artifact=2.80
  [CACHE] Router: hit=1429 tokens, created=0 tokens
  [000472] DirectScore: alignment=4.85 artifact=2.10
  [CACHE] Router: hit=1429 tokens, created=0 tokens
  [000473] DirectScore: alignment=3.45 artifact=2.85
  [CACHE] Router: hit=1429 tokens, created=0 tokens
  [000471] DirectScore: alignment=3.85 artifact=3.92
  [CACHE] Router: hit=1429 tokens, created=0 tokens
  [000474] DirectScore: alignment=3.45 artifact=2.85
  [CACHE] Router: hit=1429 tokens, created=0 tokens
  [000480] DirectScore: alignment=5.00 artifact=5.00
  [CACHE] Router: hit=1429 tokens, created=0 tokens
  [000475] DirectScore: alignment=2.85 artifact=3.42
  [CACHE] Router: hit=1429 tokens, created=0 tokens
  [000481] DirectScore: alignment=5.00 artifact=5.00
  [CACHE] Router: hit=1429 tokens, created=0 tokens
  [000476] DirectScore: alignment=3.45 artifact=2.10
  [CACHE] Router: hit=1429 tokens, created=0 tokens
  [000479] DirectScore: alignment=3.45 artifact=3.82
  [CACHE] Router: hit=1429 tokens, created=0 tokens
  [000478] DirectScore: alignment=2.15 artifact=1.85
  [CACHE] Router: hit=1429 tokens, created=0 tokens
  [000485] DirectScore: alignment=2.85 artifact=5.00
  [CACHE] Router: hit=1429 tokens, created=0 tokens
  [000477] DirectScore: alignment=2.85 artifact=1.92
  [CACHE] Router: hit=1429 tokens, created=0 tokens
  [000482] DirectScore: alignment=4.15 artifact=3.85
  [CACHE] Router: hit=1429 tokens, created=0 tokens
  [000487] DirectScore: alignment=4.92 artifact=4.65
  [CACHE] Router: hit=1429 tokens, created=0 tokens
  [000484] DirectScore: alignment=4.20 artifact=3.80
  [CACHE] Router: hit=1429 tokens, created=0 tokens
  [000486] DirectScore: alignment=1.20 artifact=3.80
  [CACHE] Router: hit=1429 tokens, created=0 tokens
  [000483] DirectScore: alignment=4.85 artifact=3.20
  [CACHE] Router: hit=1429 tokens, created=0 tokens
  [000488] DirectScore: alignment=5.00 artifact=5.00
  [CACHE] Router: hit=1429 tokens, created=0 tokens
  [000489] DirectScore: alignment=5.00 artifact=5.00
  [CACHE] Router: hit=1429 tokens, created=0 tokens
  [000490] DirectScore: alignment=5.00 artifact=5.00
  [CACHE] Router: hit=1429 tokens, created=0 tokens
  [000492] DirectScore: alignment=5.00 artifact=5.00
  [CACHE] Router: hit=1429 tokens, created=0 tokens
  [000491] DirectScore: alignment=3.65 artifact=4.35
  [CACHE] Router: hit=1429 tokens, created=0 tokens
  [000493] DirectScore: alignment=5.00 artifact=5.00
  [CACHE] Router: hit=1429 tokens, created=0 tokens
  [000494] DirectScore: alignment=4.15 artifact=5.00
  [CACHE] Router: hit=1429 tokens, created=0 tokens
  [000495] DirectScore: alignment=4.65 artifact=3.85
  [CACHE] Router: hit=1429 tokens, created=0 tokens
  [000497] DirectScore: alignment=4.65 artifact=3.85
  [CACHE] Router: hit=1429 tokens, created=0 tokens
  [000496] DirectScore: alignment=2.85 artifact=3.42
  [CACHE] Router: hit=1429 tokens, created=0 tokens
  [000498] DirectScore: alignment=4.85 artifact=3.75
  [CACHE] Router: hit=1429 tokens, created=0 tokens
  [000499] DirectScore: alignment=4.85 artifact=3.92

============================================================
  Pipeline Summary (async mode)
============================================================
  Total images:     500
  router_ok             500
  router_fail           0
  Total elapsed:    576.30s
  Throughput:       0.87 img/s (1.2 s/img)
============================================================
