
============================================================
  THEMIS C2I Dispatcher
  Mode:             async
  Output dir:       /mnt/afs/zhengmingkai/zyr/THEMIS/c2i_faster/output_VAR_noexpert_2
  Step:             without-expert (router-only direct scoring)
  Images:           500
  API concurrency:  20
============================================================

  [CACHE] Router: hit=1429 tokens, created=0 tokens
  [000035] DirectScore: alignment=5.00 artifact=5.00
  [CACHE] Router: hit=1429 tokens, created=0 tokens
  [000000] DirectScore: alignment=5.00 artifact=5.00
  [CACHE] Router: hit=1429 tokens, created=0 tokens
  [000038] DirectScore: alignment=4.35 artifact=4.60
  [CACHE] Router: hit=1429 tokens, created=0 tokens
  [000030] DirectScore: alignment=4.12 artifact=3.85
  [CACHE] Router: hit=1429 tokens, created=0 tokens
  [000006] DirectScore: alignment=5.00 artifact=5.00
  [CACHE] Router: hit=1429 tokens, created=0 tokens
  [000033] DirectScore: alignment=3.65 artifact=4.35
  [CACHE] Router: hit=1429 tokens, created=0 tokens
  [000026] DirectScore: alignment=5.00 artifact=5.00
  [CACHE] Router: hit=1429 tokens, created=0 tokens
  [000001] DirectScore: alignment=4.92 artifact=3.85
  [CACHE] Router: hit=1429 tokens, created=0 tokens
  [000020] DirectScore: alignment=5.00 artifact=5.00
  [CACHE] Router: hit=1429 tokens, created=0 tokens
  [000013] DirectScore: alignment=4.85 artifact=5.00
  [CACHE] Router: hit=1429 tokens, created=0 tokens
  [000029] DirectScore: alignment=4.85 artifact=5.00
  [CACHE] Router: hit=1429 tokens, created=0 tokens
  [000036] DirectScore: alignment=3.45 artifact=3.82
  [CACHE] Router: hit=1429 tokens, created=0 tokens
  [000004] DirectScore: alignment=4.92 artifact=4.85
  [CACHE] Router: hit=1429 tokens, created=0 tokens
  [000021] DirectScore: alignment=2.85 artifact=3.20
  [CACHE] Router: hit=1429 tokens, created=0 tokens
  [000011] DirectScore: alignment=3.45 artifact=4.60
  [CACHE] Router: hit=1429 tokens, created=0 tokens
  [000009] DirectScore: alignment=3.85 artifact=2.90
  [CACHE] Router: hit=1429 tokens, created=0 tokens
  [000027] DirectScore: alignment=4.35 artifact=4.60
  [CACHE] Router: hit=1429 tokens, created=0 tokens
  [000012] DirectScore: alignment=3.65 artifact=3.80
  [CACHE] Router: hit=1429 tokens, created=0 tokens
  [000014] DirectScore: alignment=4.20 artifact=3.80
  [CACHE] Router: hit=1429 tokens, created=0 tokens
  [000018] DirectScore: alignment=3.45 artifact=3.80
  [CACHE] Router: hit=1429 tokens, created=0 tokens
  [000050] DirectScore: alignment=5.00 artifact=5.00
  [CACHE] Router: hit=1429 tokens, created=0 tokens
  [000043] DirectScore: alignment=2.85 artifact=3.92
  [CACHE] Router: hit=1429 tokens, created=0 tokens
  [000052] DirectScore: alignment=5.00 artifact=5.00
  [CACHE] Router: hit=1429 tokens, created=0 tokens
  [000046] DirectScore: alignment=4.65 artifact=4.35
  [CACHE] Router: hit=1429 tokens, created=0 tokens
  [000055] DirectScore: alignment=4.85 artifact=5.00
  [CACHE] Router: hit=1429 tokens, created=0 tokens
  [000053] DirectScore: alignment=4.85 artifact=5.00
  [CACHE] Router: hit=1429 tokens, created=0 tokens
  [000044] DirectScore: alignment=3.42 artifact=2.85
  [CACHE] Router: hit=1429 tokens, created=0 tokens
  [000048] DirectScore: alignment=1.85 artifact=3.65
  [CACHE] Router: hit=1429 tokens, created=0 tokens
  [000047] DirectScore: alignment=4.35 artifact=4.65
  [CACHE] Router: hit=1429 tokens, created=0 tokens
  [000070] DirectScore: alignment=4.85 artifact=5.00
  [CACHE] Router: hit=1429 tokens, created=0 tokens
  [000054] DirectScore: alignment=4.65 artifact=4.35
  [CACHE] Router: hit=1429 tokens, created=0 tokens
  [000072] DirectScore: alignment=3.45 artifact=3.80
  [CACHE] Router: hit=1429 tokens, created=0 tokens
  [000061] DirectScore: alignment=4.65 artifact=4.35
  [CACHE] Router: hit=1429 tokens, created=0 tokens
  [000065] DirectScore: alignment=3.85 artifact=3.60
  [CACHE] Router: hit=1429 tokens, created=0 tokens
  [000079] DirectScore: alignment=4.25 artifact=5.00
  [CACHE] Router: hit=1429 tokens, created=0 tokens
  [000062] DirectScore: alignment=3.85 artifact=3.92
  [CACHE] Router: hit=1429 tokens, created=0 tokens
  [000071] DirectScore: alignment=2.85 artifact=1.92
  [CACHE] Router: hit=1429 tokens, created=0 tokens
  [000076] DirectScore: alignment=4.65 artifact=5.00
  [CACHE] Router: hit=1429 tokens, created=0 tokens
  [000067] DirectScore: alignment=4.65 artifact=4.35
  [CACHE] Router: hit=1429 tokens, created=0 tokens
  [000064] DirectScore: alignment=4.35 artifact=3.60
  [CACHE] Router: hit=1429 tokens, created=0 tokens
  [000080] DirectScore: alignment=5.00 artifact=5.00
  [CACHE] Router: hit=1429 tokens, created=0 tokens
  [000084] DirectScore: alignment=5.00 artifact=5.00
  [CACHE] Router: hit=1429 tokens, created=0 tokens
  [000089] DirectScore: alignment=5.00 artifact=5.00
  [CACHE] Router: hit=1429 tokens, created=0 tokens
  [000083] DirectScore: alignment=4.85 artifact=4.60
  [CACHE] Router: hit=1429 tokens, created=0 tokens
  [000085] DirectScore: alignment=2.15 artifact=2.85
  [CACHE] Router: hit=1429 tokens, created=0 tokens
  [000094] DirectScore: alignment=1.85 artifact=3.90
  [CACHE] Router: hit=1429 tokens, created=0 tokens
  [000111] DirectScore: alignment=5.00 artifact=5.00
  [CACHE] Router: hit=1429 tokens, created=0 tokens
  [000090] DirectScore: alignment=1.85 artifact=3.60
  [CACHE] Router: hit=1429 tokens, created=0 tokens
  [000110] DirectScore: alignment=4.85 artifact=5.00
  [CACHE] Router: hit=1429 tokens, created=0 tokens
  [000091] DirectScore: alignment=2.85 artifact=2.40
  [CACHE] Router: hit=1429 tokens, created=0 tokens
  [000096] DirectScore: alignment=2.85 artifact=3.60
  [CACHE] Router: hit=1429 tokens, created=0 tokens
  [000098] DirectScore: alignment=2.85 artifact=2.10
  [CACHE] Router: hit=1429 tokens, created=0 tokens
  [000114] DirectScore: alignment=3.85 artifact=5.00
  [CACHE] Router: hit=1429 tokens, created=0 tokens
  [000100] DirectScore: alignment=4.85 artifact=3.20
  [CACHE] Router: hit=1429 tokens, created=0 tokens
  [000113] DirectScore: alignment=2.15 artifact=3.85
  [CACHE] Router: hit=1429 tokens, created=0 tokens
  [000104] DirectScore: alignment=4.85 artifact=1.80
  [CACHE] Router: hit=1429 tokens, created=0 tokens
  [000105] DirectScore: alignment=3.42 artifact=2.85
  [CACHE] Router: hit=1429 tokens, created=0 tokens
  [000119] DirectScore: alignment=3.45 artifact=4.15
  [CACHE] Router: hit=1429 tokens, created=0 tokens
  [000103] DirectScore: alignment=3.85 artifact=4.12
  [CACHE] Router: hit=1429 tokens, created=0 tokens
  [000108] DirectScore: alignment=4.65 artifact=3.80
  [CACHE] Router: hit=1429 tokens, created=0 tokens
  [000121] DirectScore: alignment=5.00 artifact=5.00
  [CACHE] Router: hit=1429 tokens, created=0 tokens
  [000125] DirectScore: alignment=5.00 artifact=5.00
  [CACHE] Router: hit=1429 tokens, created=0 tokens
  [000124] DirectScore: alignment=4.92 artifact=4.65
  [CACHE] Router: hit=1429 tokens, created=0 tokens
  [000123] DirectScore: alignment=4.85 artifact=4.60
  [CACHE] Router: hit=1429 tokens, created=0 tokens
  [000126] DirectScore: alignment=4.85 artifact=5.00
  [CACHE] Router: hit=1429 tokens, created=0 tokens
  [000132] DirectScore: alignment=5.00 artifact=5.00
  [CACHE] Router: hit=1429 tokens, created=0 tokens
  [000135] DirectScore: alignment=5.00 artifact=5.00
  [CACHE] Router: hit=1429 tokens, created=0 tokens
  [CACHE] Router: hit=1429 tokens, created=0 tokens
  [CACHE] Router: hit=1429 tokens, created=0 tokens
  [000138] DirectScore: alignment=5.00 artifact=5.00
  [000141] DirectScore: alignment=5.00 artifact=5.00
  [000139] DirectScore: alignment=5.00 artifact=5.00
  [CACHE] Router: hit=1429 tokens, created=0 tokens
  [000131] DirectScore: alignment=4.85 artifact=3.20
  [CACHE] Router: hit=1429 tokens, created=0 tokens
  [000144] DirectScore: alignment=4.65 artifact=3.20
  [CACHE] Router: hit=1429 tokens, created=0 tokens
  [000149] DirectScore: alignment=4.35 artifact=4.65
  [CACHE] Router: hit=1429 tokens, created=0 tokens
  [000145] DirectScore: alignment=3.42 artifact=3.85
  [CACHE] Router: hit=1429 tokens, created=0 tokens
  [000142] DirectScore: alignment=3.45 artifact=2.85
  [CACHE] Router: hit=1429 tokens, created=0 tokens
  [000152] DirectScore: alignment=4.15 artifact=3.85
  [CACHE] Router: hit=1429 tokens, created=0 tokens
  [000153] DirectScore: alignment=3.85 artifact=4.10
  [CACHE] Router: hit=1429 tokens, created=0 tokens
  [000159] DirectScore: alignment=3.85 artifact=4.20
  [CACHE] Router: hit=1429 tokens, created=0 tokens
  [000157] DirectScore: alignment=4.15 artifact=3.85
  [CACHE] Router: hit=1429 tokens, created=0 tokens
  [000158] DirectScore: alignment=4.85 artifact=3.20
  [CACHE] Router: hit=1429 tokens, created=0 tokens
  [000160] DirectScore: alignment=4.85 artifact=3.92
  [CACHE] Router: hit=1429 tokens, created=0 tokens
  [000163] DirectScore: alignment=4.92 artifact=3.85
  [CACHE] Router: hit=1429 tokens, created=0 tokens
  [000165] DirectScore: alignment=4.15 artifact=3.85
  [CACHE] Router: hit=1429 tokens, created=0 tokens
  [000168] DirectScore: alignment=5.00 artifact=5.00
  [CACHE] Router: hit=1429 tokens, created=0 tokens
  [000166] DirectScore: alignment=4.35 artifact=4.60
  [CACHE] Router: hit=1429 tokens, created=0 tokens
  [000175] DirectScore: alignment=4.85 artifact=5.00
  [CACHE] Router: hit=1429 tokens, created=0 tokens
  [000172] DirectScore: alignment=4.85 artifact=5.00
  [CACHE] Router: hit=1429 tokens, created=0 tokens
  [000170] DirectScore: alignment=4.85 artifact=4.60
  [CACHE] Router: hit=1429 tokens, created=0 tokens
  [000179] DirectScore: alignment=3.85 artifact=1.20
  [CACHE] Router: hit=1429 tokens, created=0 tokens
  [000173] DirectScore: alignment=2.85 artifact=3.60
  [CACHE] Router: hit=1429 tokens, created=0 tokens
  [000181] DirectScore: alignment=3.42 artifact=4.15
  [CACHE] Router: hit=1429 tokens, created=0 tokens
  [000183] DirectScore: alignment=4.35 artifact=4.65
  [CACHE] Router: hit=1429 tokens, created=0 tokens
  [000189] DirectScore: alignment=5.00 artifact=5.00
  [CACHE] Router: hit=1429 tokens, created=0 tokens
  [000191] DirectScore: alignment=4.92 artifact=4.65
  [CACHE] Router: hit=1429 tokens, created=0 tokens
  [000185] DirectScore: alignment=2.85 artifact=3.92
  [CACHE] Router: hit=1429 tokens, created=0 tokens
  [CACHE] Router: hit=1429 tokens, created=0 tokens
  [000187] DirectScore: alignment=3.65 artifact=3.42
  [000197] DirectScore: alignment=4.85 artifact=3.92
  [CACHE] Router: hit=1429 tokens, created=0 tokens
  [000192] DirectScore: alignment=4.92 artifact=3.85
  [CACHE] Router: hit=1429 tokens, created=0 tokens
  [000199] DirectScore: alignment=4.85 artifact=3.92
  [CACHE] Router: hit=1429 tokens, created=0 tokens
  [000203] DirectScore: alignment=2.85 artifact=3.42
  [CACHE] Router: hit=1429 tokens, created=0 tokens
  [000211] DirectScore: alignment=5.00 artifact=5.00
  [CACHE] Router: hit=1429 tokens, created=0 tokens
  [000204] DirectScore: alignment=4.85 artifact=4.92
  [CACHE] Router: hit=1429 tokens, created=0 tokens
  [000196] DirectScore: alignment=4.75 artifact=3.92
  [CACHE] Router: hit=1429 tokens, created=0 tokens
  [000202] DirectScore: alignment=2.15 artifact=3.85
  [CACHE] Router: hit=1429 tokens, created=0 tokens
  [000205] DirectScore: alignment=1.85 artifact=3.20
  [CACHE] Router: hit=1429 tokens, created=0 tokens
  [000215] DirectScore: alignment=4.85 artifact=3.92
  [CACHE] Router: hit=1429 tokens, created=0 tokens
  [000216] DirectScore: alignment=4.92 artifact=4.65
  [CACHE] Router: hit=1429 tokens, created=0 tokens
  [000207] DirectScore: alignment=2.85 artifact=1.92
  [CACHE] Router: hit=1429 tokens, created=0 tokens
  [000220] DirectScore: alignment=5.00 artifact=5.00
  [CACHE] Router: hit=1429 tokens, created=0 tokens
  [000219] DirectScore: alignment=3.85 artifact=1.20
  [CACHE] Router: hit=1429 tokens, created=0 tokens
  [000221] DirectScore: alignment=5.00 artifact=5.00
  [CACHE] Router: hit=1429 tokens, created=0 tokens
  [000218] DirectScore: alignment=2.15 artifact=0.85
  [CACHE] Router: hit=1429 tokens, created=0 tokens
  [000228] DirectScore: alignment=5.00 artifact=5.00
  [CACHE] Router: hit=1429 tokens, created=0 tokens
  [000226] DirectScore: alignment=0.15 artifact=1.20
  [CACHE] Router: hit=1429 tokens, created=0 tokens
  [000235] DirectScore: alignment=4.25 artifact=5.00
  [CACHE] Router: hit=1429 tokens, created=0 tokens
  [000227] DirectScore: alignment=3.65 artifact=3.80
  [CACHE] Router: hit=1429 tokens, created=0 tokens
  [000231] DirectScore: alignment=4.15 artifact=3.85
  [CACHE] Router: hit=1429 tokens, created=0 tokens
  [000238] DirectScore: alignment=5.00 artifact=5.00
  [CACHE] Router: hit=1429 tokens, created=0 tokens
  [000232] DirectScore: alignment=4.35 artifact=3.85
  [CACHE] Router: hit=1429 tokens, created=0 tokens
  [000249] DirectScore: alignment=5.00 artifact=5.00
  [CACHE] Router: hit=1429 tokens, created=0 tokens
  [000236] DirectScore: alignment=4.35 artifact=4.60
  [CACHE] Router: hit=1429 tokens, created=0 tokens
  [000243] DirectScore: alignment=4.20 artifact=3.80
  [CACHE] Router: hit=1429 tokens, created=0 tokens
  [000241] DirectScore: alignment=3.45 artifact=3.82
  [CACHE] Router: hit=1429 tokens, created=0 tokens
  [000246] DirectScore: alignment=3.45 artifact=3.85
  [CACHE] Router: hit=1429 tokens, created=0 tokens
  [000244] DirectScore: alignment=3.45 artifact=2.85
  [CACHE] Router: hit=1429 tokens, created=0 tokens
  [000250] DirectScore: alignment=3.85 artifact=1.20
  [CACHE] Router: hit=1429 tokens, created=0 tokens
  [000254] DirectScore: alignment=2.85 artifact=1.92
  [CACHE] Router: hit=1429 tokens, created=0 tokens
  [000258] DirectScore: alignment=5.00 artifact=3.80
  [CACHE] Router: hit=1429 tokens, created=0 tokens
  [000257] DirectScore: alignment=4.20 artifact=3.80
  [CACHE] Router: hit=1429 tokens, created=0 tokens
  [000265] DirectScore: alignment=5.00 artifact=5.00
  [CACHE] Router: hit=1429 tokens, created=0 tokens
  [000261] DirectScore: alignment=4.92 artifact=4.65
  [CACHE] Router: hit=1429 tokens, created=0 tokens
  [000264] DirectScore: alignment=2.15 artifact=1.80
  [CACHE] Router: hit=1429 tokens, created=0 tokens
  [000259] DirectScore: alignment=4.12 artifact=3.85
  [CACHE] Router: hit=1429 tokens, created=0 tokens
  [000271] DirectScore: alignment=5.00 artifact=5.00
  [CACHE] Router: hit=1429 tokens, created=0 tokens
  [000266] DirectScore: alignment=4.65 artifact=3.85
  [CACHE] Router: hit=1429 tokens, created=0 tokens
  [000274] DirectScore: alignment=4.85 artifact=5.00
  [CACHE] Router: hit=1429 tokens, created=0 tokens
  [000268] DirectScore: alignment=4.35 artifact=4.12
  [CACHE] Router: hit=1429 tokens, created=0 tokens
  [000273] DirectScore: alignment=5.00 artifact=5.00
  [CACHE] Router: hit=1429 tokens, created=0 tokens
  [000278] DirectScore: alignment=5.00 artifact=5.00
  [CACHE] Router: hit=1429 tokens, created=0 tokens
  [000289] DirectScore: alignment=5.00 artifact=5.00
  [CACHE] Router: hit=1429 tokens, created=0 tokens
  [000280] DirectScore: alignment=4.65 artifact=4.35
  [CACHE] Router: hit=1429 tokens, created=0 tokens
  [000281] DirectScore: alignment=4.85 artifact=3.65
  [CACHE] Router: hit=1429 tokens, created=0 tokens
  [000291] DirectScore: alignment=4.85 artifact=5.00
  [CACHE] Router: hit=1429 tokens, created=0 tokens
  [000284] DirectScore: alignment=4.65 artifact=4.35
  [CACHE] Router: hit=1429 tokens, created=0 tokens
  [000295] DirectScore: alignment=5.00 artifact=5.00
  [CACHE] Router: hit=1429 tokens, created=0 tokens
  [000287] DirectScore: alignment=4.85 artifact=4.20
  [CACHE] Router: hit=1429 tokens, created=0 tokens
  [000275] DirectScore: alignment=2.85 artifact=1.92
  [CACHE] Router: hit=1429 tokens, created=0 tokens
  [000301] DirectScore: alignment=5.00 artifact=5.00
  [CACHE] Router: hit=1429 tokens, created=0 tokens
  [000294] DirectScore: alignment=4.65 artifact=4.35
  [CACHE] Router: hit=1429 tokens, created=0 tokens
  [000298] DirectScore: alignment=4.65 artifact=3.85
  [CACHE] Router: hit=1429 tokens, created=0 tokens
  [000296] DirectScore: alignment=4.35 artifact=4.60
  [CACHE] Router: hit=1429 tokens, created=0 tokens
  [000307] DirectScore: alignment=2.15 artifact=5.00
  [CACHE] Router: hit=1429 tokens, created=0 tokens
  [000302] DirectScore: alignment=4.85 artifact=4.20
  [CACHE] Router: hit=1429 tokens, created=0 tokens
  [000308] DirectScore: alignment=5.00 artifact=5.00
  [CACHE] Router: hit=1429 tokens, created=0 tokens
  [000303] DirectScore: alignment=4.65 artifact=3.85
  [CACHE] Router: hit=1429 tokens, created=0 tokens
  [000320] DirectScore: alignment=1.85 artifact=3.60
  [CACHE] Router: hit=1429 tokens, created=0 tokens
  [000310] DirectScore: alignment=1.20 artifact=3.80
  [CACHE] Router: hit=1429 tokens, created=0 tokens
  [000326] DirectScore: alignment=4.85 artifact=3.20
  [CACHE] Router: hit=1429 tokens, created=0 tokens
  [000314] DirectScore: alignment=2.85 artifact=3.60
  [CACHE] Router: hit=1429 tokens, created=0 tokens
  [000318] DirectScore: alignment=1.20 artifact=3.80
  [CACHE] Router: hit=1429 tokens, created=0 tokens
  [000312] DirectScore: alignment=1.85 artifact=3.42
  [CACHE] Router: hit=1429 tokens, created=0 tokens
  [000333] DirectScore: alignment=4.85 artifact=5.00
  [CACHE] Router: hit=1429 tokens, created=0 tokens
  [000329] DirectScore: alignment=4.65 artifact=4.35
  [CACHE] Router: hit=1429 tokens, created=0 tokens
  [000330] DirectScore: alignment=2.15 artifact=1.80
  [CACHE] Router: hit=1429 tokens, created=0 tokens
  [000328] DirectScore: alignment=1.85 artifact=2.10
  [CACHE] Router: hit=1429 tokens, created=0 tokens
  [000323] DirectScore: alignment=4.65 artifact=3.85
  [CACHE] Router: hit=1429 tokens, created=0 tokens
  [000319] DirectScore: alignment=1.85 artifact=3.20
  [CACHE] Router: hit=1429 tokens, created=0 tokens
  [000334] DirectScore: alignment=2.85 artifact=3.10
  [CACHE] Router: hit=1429 tokens, created=0 tokens
  [000339] DirectScore: alignment=2.15 artifact=1.80
  [CACHE] Router: hit=1429 tokens, created=0 tokens
  [000347] DirectScore: alignment=5.00 artifact=5.00
  [CACHE] Router: hit=1429 tokens, created=0 tokens
  [000341] DirectScore: alignment=4.92 artifact=4.65
  [CACHE] Router: hit=1429 tokens, created=0 tokens
  [000338] DirectScore: alignment=3.65 artifact=3.42
  [CACHE] Router: hit=1429 tokens, created=0 tokens
  [000344] DirectScore: alignment=4.20 artifact=2.80
  [CACHE] Router: hit=1429 tokens, created=0 tokens
  [000349] DirectScore: alignment=5.00 artifact=5.00
  [CACHE] Router: hit=1429 tokens, created=0 tokens
  [000346] DirectScore: alignment=4.35 artifact=4.85
  [CACHE] Router: hit=1429 tokens, created=0 tokens
  [000352] DirectScore: alignment=4.95 artifact=4.60
  [CACHE] Router: hit=1429 tokens, created=0 tokens
  [000351] DirectScore: alignment=3.85 artifact=4.65
  [CACHE] Router: hit=1429 tokens, created=0 tokens
  [000354] DirectScore: alignment=4.85 artifact=3.92
  [CACHE] Router: hit=1429 tokens, created=0 tokens
  [000361] DirectScore: alignment=4.15 artifact=2.85
  [CACHE] Router: hit=1429 tokens, created=0 tokens
  [CACHE] Router: hit=1429 tokens, created=0 tokens
  [000357] DirectScore: alignment=3.42 artifact=2.85
  [000364] DirectScore: alignment=4.85 artifact=2.10
  [CACHE] Router: hit=1429 tokens, created=0 tokens
  [000359] DirectScore: alignment=3.42 artifact=2.85
  [CACHE] Router: hit=1429 tokens, created=0 tokens
  [000373] DirectScore: alignment=4.92 artifact=5.00
  [CACHE] Router: hit=1429 tokens, created=0 tokens
  [000369] DirectScore: alignment=4.85 artifact=4.60
  [CACHE] Router: hit=1429 tokens, created=0 tokens
  [000366] DirectScore: alignment=4.65 artifact=3.85
  [CACHE] Router: hit=1429 tokens, created=0 tokens
  [000368] DirectScore: alignment=4.65 artifact=3.42
  [CACHE] Router: hit=1429 tokens, created=0 tokens
  [000380] DirectScore: alignment=5.00 artifact=5.00
  [CACHE] Router: hit=1429 tokens, created=0 tokens
  [000374] DirectScore: alignment=4.85 artifact=2.15
  [CACHE] Router: hit=1429 tokens, created=0 tokens
  [000376] DirectScore: alignment=4.85 artifact=3.92
  [CACHE] Router: hit=1429 tokens, created=0 tokens
  [000377] DirectScore: alignment=4.92 artifact=3.65
  [CACHE] Router: hit=1429 tokens, created=0 tokens
  [000375] DirectScore: alignment=3.85 artifact=2.40
  [CACHE] Router: hit=1429 tokens, created=0 tokens
  [000381] DirectScore: alignment=4.65 artifact=4.35
  [CACHE] Router: hit=1429 tokens, created=0 tokens
  [000385] DirectScore: alignment=2.85 artifact=3.60
  [CACHE] Router: hit=1429 tokens, created=0 tokens
  [000387] DirectScore: alignment=4.65 artifact=3.85
  [CACHE] Router: hit=1429 tokens, created=0 tokens
  [000388] DirectScore: alignment=3.45 artifact=3.82
  [CACHE] Router: hit=1429 tokens, created=0 tokens
  [000409] DirectScore: alignment=0.00 artifact=5.00
  [CACHE] Router: hit=1429 tokens, created=0 tokens
  [000391] DirectScore: alignment=4.85 artifact=3.20
  [CACHE] Router: hit=1429 tokens, created=0 tokens
  [000390] DirectScore: alignment=3.85 artifact=1.20
  [CACHE] Router: hit=1429 tokens, created=0 tokens
  [000395] DirectScore: alignment=1.20 artifact=4.20
  [CACHE] Router: hit=1429 tokens, created=0 tokens
  [000394] DirectScore: alignment=1.85 artifact=3.20
  [CACHE] Router: hit=1429 tokens, created=0 tokens
  [000393] DirectScore: alignment=1.24 artifact=3.85
  [CACHE] Router: hit=1429 tokens, created=0 tokens
  [000400] DirectScore: alignment=3.85 artifact=1.92
  [CACHE] Router: hit=1429 tokens, created=0 tokens
  [000408] DirectScore: alignment=4.92 artifact=3.85
  [CACHE] Router: hit=1429 tokens, created=0 tokens
  [000406] DirectScore: alignment=2.85 artifact=3.20
  [CACHE] Router: hit=1429 tokens, created=0 tokens
  [000403] DirectScore: alignment=4.85 artifact=3.92
  [CACHE] Router: hit=1429 tokens, created=0 tokens
  [000410] DirectScore: alignment=3.15 artifact=1.85
  [CACHE] Router: hit=1429 tokens, created=0 tokens
  [000411] DirectScore: alignment=3.45 artifact=3.82
  [CACHE] Router: hit=1429 tokens, created=0 tokens
  [000412] DirectScore: alignment=3.45 artifact=4.20
  [CACHE] Router: hit=1429 tokens, created=0 tokens
  [000419] DirectScore: alignment=4.65 artifact=3.85
  [CACHE] Router: hit=1429 tokens, created=0 tokens
  [000421] DirectScore: alignment=3.45 artifact=2.80
  [CACHE] Router: hit=1429 tokens, created=0 tokens
  [000413] DirectScore: alignment=3.45 artifact=3.80
  [CACHE] Router: hit=1429 tokens, created=0 tokens
  [000422] DirectScore: alignment=3.85 artifact=2.10
  [CACHE] Router: hit=1429 tokens, created=0 tokens
  [000423] DirectScore: alignment=2.85 artifact=1.65
  [CACHE] Router: hit=1429 tokens, created=0 tokens
  [000433] DirectScore: alignment=5.00 artifact=5.00
  [CACHE] Router: hit=1429 tokens, created=0 tokens
  [000425] DirectScore: alignment=3.42 artifact=2.85
  [CACHE] Router: hit=1429 tokens, created=0 tokens
  [000428] DirectScore: alignment=3.85 artifact=2.90
  [CACHE] Router: hit=1429 tokens, created=0 tokens
  [000437] DirectScore: alignment=5.00 artifact=5.00
  [CACHE] Router: hit=1429 tokens, created=0 tokens
  [000443] DirectScore: alignment=5.00 artifact=5.00
  [CACHE] Router: hit=1429 tokens, created=0 tokens
  [000446] DirectScore: alignment=5.00 artifact=5.00
  [CACHE] Router: hit=1429 tokens, created=0 tokens
  [000434] DirectScore: alignment=0.00 artifact=2.85
  [CACHE] Router: hit=1429 tokens, created=0 tokens
  [000432] DirectScore: alignment=2.15 artifact=1.80
  [CACHE] Router: hit=1429 tokens, created=0 tokens
  [000449] DirectScore: alignment=5.00 artifact=5.00
  [CACHE] Router: hit=1429 tokens, created=0 tokens
  [000435] DirectScore: alignment=1.85 artifact=1.20
  [CACHE] Router: hit=1429 tokens, created=0 tokens
  [000447] DirectScore: alignment=4.92 artifact=3.85
  [CACHE] Router: hit=1429 tokens, created=0 tokens
  [000450] DirectScore: alignment=5.00 artifact=5.00
  [CACHE] Router: hit=1429 tokens, created=0 tokens
  [000451] DirectScore: alignment=4.20 artifact=3.80
  [CACHE] Router: hit=1429 tokens, created=0 tokens
  [000448] DirectScore: alignment=1.85 artifact=1.20
  [CACHE] Router: hit=1429 tokens, created=0 tokens
  [000456] DirectScore: alignment=5.00 artifact=5.00
  [CACHE] Router: hit=1429 tokens, created=0 tokens
  [000453] DirectScore: alignment=1.20 artifact=2.80
  [CACHE] Router: hit=1429 tokens, created=0 tokens
  [000455] DirectScore: alignment=3.42 artifact=3.85
  [CACHE] Router: hit=1429 tokens, created=0 tokens
  [000467] DirectScore: alignment=0.00 artifact=5.00
  [CACHE] Router: hit=1429 tokens, created=0 tokens
  [000465] DirectScore: alignment=4.12 artifact=2.85
  [CACHE] Router: hit=1429 tokens, created=0 tokens
  [000463] DirectScore: alignment=4.65 artifact=3.85
  [CACHE] Router: hit=1429 tokens, created=0 tokens
  [000466] DirectScore: alignment=3.85 artifact=3.20
  [CACHE] Router: hit=1429 tokens, created=0 tokens
  [000481] DirectScore: alignment=1.25 artifact=4.95
  [CACHE] Router: hit=1429 tokens, created=0 tokens
  [000469] DirectScore: alignment=4.20 artifact=2.80
  [CACHE] Router: hit=1429 tokens, created=0 tokens
  [000473] DirectScore: alignment=4.15 artifact=3.80
  [CACHE] Router: hit=1429 tokens, created=0 tokens
  [000471] DirectScore: alignment=4.65 artifact=3.85
  [CACHE] Router: hit=1429 tokens, created=0 tokens
  [000470] DirectScore: alignment=4.85 artifact=2.90
  [CACHE] Router: hit=1429 tokens, created=0 tokens
  [000483] DirectScore: alignment=3.45 artifact=4.20
  [CACHE] Router: hit=1429 tokens, created=0 tokens
  [000475] DirectScore: alignment=4.65 artifact=3.85
  [CACHE] Router: hit=1429 tokens, created=0 tokens
  [000486] DirectScore: alignment=4.15 artifact=5.00
  [CACHE] Router: hit=1429 tokens, created=0 tokens
  [000488] DirectScore: alignment=3.85 artifact=5.00
  [CACHE] Router: hit=1429 tokens, created=0 tokens
  [000485] DirectScore: alignment=4.65 artifact=3.85
  [CACHE] Router: hit=1429 tokens, created=0 tokens
  [000479] DirectScore: alignment=3.85 artifact=2.90
  [CACHE] Router: hit=1429 tokens, created=0 tokens
  [000491] DirectScore: alignment=2.85 artifact=3.42
  [CACHE] Router: hit=1429 tokens, created=0 tokens
  [000492] DirectScore: alignment=3.45 artifact=2.85
  [CACHE] Router: hit=1429 tokens, created=0 tokens
  [000503] DirectScore: alignment=5.00 artifact=5.00
  [CACHE] Router: hit=1429 tokens, created=0 tokens
  [000493] DirectScore: alignment=2.15 artifact=3.85
  [CACHE] Router: hit=1429 tokens, created=0 tokens
  [000497] DirectScore: alignment=3.25 artifact=1.80
  [CACHE] Router: hit=1429 tokens, created=0 tokens
  [000506] DirectScore: alignment=5.00 artifact=5.00
  [CACHE] Router: hit=1429 tokens, created=0 tokens
  [000500] DirectScore: alignment=4.92 artifact=4.65
  [CACHE] Router: hit=1429 tokens, created=0 tokens
  [000498] DirectScore: alignment=3.45 artifact=2.85
  [CACHE] Router: hit=1429 tokens, created=0 tokens
  [000504] DirectScore: alignment=1.85 artifact=2.40
  [CACHE] Router: hit=1429 tokens, created=0 tokens
  [000517] DirectScore: alignment=3.85 artifact=2.40
  [CACHE] Router: hit=1429 tokens, created=0 tokens
  [000527] DirectScore: alignment=5.00 artifact=5.00
  [CACHE] Router: hit=1429 tokens, created=0 tokens
  [000507] DirectScore: alignment=4.65 artifact=4.35
  [CACHE] Router: hit=1429 tokens, created=0 tokens
  [000528] DirectScore: alignment=5.00 artifact=5.00
  [CACHE] Router: hit=1429 tokens, created=0 tokens
  [000510] DirectScore: alignment=4.85 artifact=3.20
  [CACHE] Router: hit=1429 tokens, created=0 tokens
  [000515] DirectScore: alignment=4.15 artifact=3.20
  [CACHE] Router: hit=1429 tokens, created=0 tokens
  [000520] DirectScore: alignment=4.92 artifact=3.85
  [CACHE] Router: hit=1429 tokens, created=0 tokens
  [000511] DirectScore: alignment=3.42 artifact=2.85
  [CACHE] Router: hit=1429 tokens, created=0 tokens
  [000521] DirectScore: alignment=4.65 artifact=3.85
  [CACHE] Router: hit=1429 tokens, created=0 tokens
  [000533] DirectScore: alignment=0.00 artifact=5.00
  [CACHE] Router: hit=1429 tokens, created=0 tokens
  [000526] DirectScore: alignment=3.45 artifact=2.15
  [CACHE] Router: hit=1429 tokens, created=0 tokens
  [000518] DirectScore: alignment=1.85 artifact=1.20
  [CACHE] Router: hit=1429 tokens, created=0 tokens
  [000532] DirectScore: alignment=4.85 artifact=3.75
  [CACHE] Router: hit=1429 tokens, created=0 tokens
  [000542] DirectScore: alignment=4.85 artifact=5.00
  [CACHE] Router: hit=1429 tokens, created=0 tokens
  [000537] DirectScore: alignment=0.85 artifact=2.10
  [CACHE] Router: hit=1429 tokens, created=0 tokens
  [000531] DirectScore: alignment=4.15 artifact=2.85
  [CACHE] Router: hit=1429 tokens, created=0 tokens
  [000536] DirectScore: alignment=0.00 artifact=2.80
  [CACHE] Router: hit=1429 tokens, created=0 tokens
  [000540] DirectScore: alignment=4.65 artifact=3.92
  [CACHE] Router: hit=1429 tokens, created=0 tokens
  [000543] DirectScore: alignment=4.85 artifact=3.92
  [CACHE] Router: hit=1429 tokens, created=0 tokens
  [000553] DirectScore: alignment=4.85 artifact=5.00
  [CACHE] Router: hit=1429 tokens, created=0 tokens
  [000546] DirectScore: alignment=4.85 artifact=3.20
  [CACHE] Router: hit=1429 tokens, created=0 tokens
  [000554] DirectScore: alignment=3.45 artifact=3.82
  [CACHE] Router: hit=1429 tokens, created=0 tokens
  [CACHE] Router: hit=1429 tokens, created=0 tokens
  [000556] DirectScore: alignment=4.15 artifact=3.85
  [CACHE] Router: hit=1429 tokens, created=0 tokens
  [000552] DirectScore: alignment=3.85 artifact=3.42
  [000548] DirectScore: alignment=4.85 artifact=3.20
  [CACHE] Router: hit=1429 tokens, created=0 tokens
  [000567] DirectScore: alignment=5.00 artifact=4.20
  [CACHE] Router: hit=1429 tokens, created=0 tokens
  [000561] DirectScore: alignment=5.00 artifact=2.80
  [CACHE] Router: hit=1429 tokens, created=0 tokens
  [000557] DirectScore: alignment=3.85 artifact=2.40
  [CACHE] Router: hit=1429 tokens, created=0 tokens
  [000570] DirectScore: alignment=4.65 artifact=5.00
  [CACHE] Router: hit=1429 tokens, created=0 tokens
  [000562] DirectScore: alignment=0.00 artifact=3.20
  [CACHE] Router: hit=1429 tokens, created=0 tokens
  [000568] DirectScore: alignment=5.00 artifact=3.80
  [CACHE] Router: hit=1429 tokens, created=0 tokens
  [000569] DirectScore: alignment=0.00 artifact=3.80
  [CACHE] Router: hit=1429 tokens, created=0 tokens
  [000575] DirectScore: alignment=5.00 artifact=5.00
  [CACHE] Router: hit=1429 tokens, created=0 tokens
  [000572] DirectScore: alignment=4.85 artifact=1.20
  [CACHE] Router: hit=1429 tokens, created=0 tokens
  [000578] DirectScore: alignment=4.65 artifact=4.35
  [CACHE] Router: hit=1429 tokens, created=0 tokens
  [000580] DirectScore: alignment=4.85 artifact=3.75
  [CACHE] Router: hit=1429 tokens, created=0 tokens
  [000573] DirectScore: alignment=3.85 artifact=2.90
  [CACHE] Router: hit=1429 tokens, created=0 tokens
  [000584] DirectScore: alignment=3.85 artifact=4.20
  [CACHE] Router: hit=1429 tokens, created=0 tokens
  [000597] DirectScore: alignment=0.00 artifact=5.00
  [CACHE] Router: hit=1429 tokens, created=0 tokens
  [000586] DirectScore: alignment=4.92 artifact=3.85
  [CACHE] Router: hit=1429 tokens, created=0 tokens
  [000587] DirectScore: alignment=4.92 artifact=3.85
  [CACHE] Router: hit=1429 tokens, created=0 tokens
  [000590] DirectScore: alignment=4.85 artifact=2.60
  [CACHE] Router: hit=1429 tokens, created=0 tokens
  [000589] DirectScore: alignment=4.85 artifact=2.90
  [CACHE] Router: hit=1429 tokens, created=0 tokens
  [000600] DirectScore: alignment=4.85 artifact=2.10
  [CACHE] Router: hit=1429 tokens, created=0 tokens
  [000601] DirectScore: alignment=4.85 artifact=2.10
  [CACHE] Router: hit=1429 tokens, created=0 tokens
  [000591] DirectScore: alignment=2.15 artifact=1.85
  [CACHE] Router: hit=1429 tokens, created=0 tokens
  [000596] DirectScore: alignment=1.25 artifact=1.80
  [CACHE] Router: hit=1429 tokens, created=0 tokens
  [000592] DirectScore: alignment=1.85 artifact=0.92
  [CACHE] Router: hit=1429 tokens, created=0 tokens
  [000603] DirectScore: alignment=1.24 artifact=2.85
  [CACHE] Router: hit=1429 tokens, created=0 tokens
  [000609] DirectScore: alignment=4.35 artifact=3.85
  [CACHE] Router: hit=1429 tokens, created=0 tokens
  [000607] DirectScore: alignment=3.15 artifact=1.85
  [CACHE] Router: hit=1429 tokens, created=0 tokens
  [000610] DirectScore: alignment=0.00 artifact=1.20
  [CACHE] Router: hit=1429 tokens, created=0 tokens
  [000613] DirectScore: alignment=4.20 artifact=3.80
  [CACHE] Router: hit=1429 tokens, created=0 tokens
  [000614] DirectScore: alignment=4.35 artifact=4.12
  [CACHE] Router: hit=1429 tokens, created=0 tokens
  [000619] DirectScore: alignment=0.00 artifact=3.50
  [CACHE] Router: hit=1429 tokens, created=0 tokens
  [000617] DirectScore: alignment=4.12 artifact=2.85
  [CACHE] Router: hit=1429 tokens, created=0 tokens
  [000621] DirectScore: alignment=5.00 artifact=3.80
  [CACHE] Router: hit=1429 tokens, created=0 tokens
  [000622] DirectScore: alignment=4.92 artifact=4.65
  [CACHE] Router: hit=1429 tokens, created=0 tokens
  [000631] DirectScore: alignment=4.85 artifact=3.65
  [CACHE] Router: hit=1429 tokens, created=0 tokens
  [000625] DirectScore: alignment=0.15 artifact=2.85
  [CACHE] Router: hit=1429 tokens, created=0 tokens
  [000628] DirectScore: alignment=4.92 artifact=3.85
  [CACHE] Router: hit=1429 tokens, created=0 tokens
  [000626] DirectScore: alignment=4.85 artifact=3.20
  [CACHE] Router: hit=1429 tokens, created=0 tokens
  [000640] DirectScore: alignment=5.00 artifact=5.00
  [CACHE] Router: hit=1429 tokens, created=0 tokens
  [000634] DirectScore: alignment=4.85 artifact=1.20
  [CACHE] Router: hit=1429 tokens, created=0 tokens
  [000633] DirectScore: alignment=3.85 artifact=2.90
  [CACHE] Router: hit=1429 tokens, created=0 tokens
  [000646] DirectScore: alignment=4.85 artifact=4.60
  [CACHE] Router: hit=1429 tokens, created=0 tokens
  [000635] DirectScore: alignment=2.15 artifact=1.85
  [CACHE] Router: hit=1429 tokens, created=0 tokens
  [000645] DirectScore: alignment=4.85 artifact=3.92
  [CACHE] Router: hit=1429 tokens, created=0 tokens
  [000644] DirectScore: alignment=1.20 artifact=1.80
  [CACHE] Router: hit=1429 tokens, created=0 tokens
  [000647] DirectScore: alignment=4.92 artifact=4.65
  [CACHE] Router: hit=1429 tokens, created=0 tokens
  [000638] DirectScore: alignment=2.85 artifact=1.92
  [CACHE] Router: hit=1429 tokens, created=0 tokens
  [000650] DirectScore: alignment=3.85 artifact=2.15
  [CACHE] Router: hit=1429 tokens, created=0 tokens
  [000654] DirectScore: alignment=5.00 artifact=2.80
  [CACHE] Router: hit=1429 tokens, created=0 tokens
  [000657] DirectScore: alignment=3.85 artifact=2.90
  [CACHE] Router: hit=1429 tokens, created=0 tokens
  [000651] DirectScore: alignment=3.85 artifact=2.90
  [CACHE] Router: hit=1429 tokens, created=0 tokens
  [000659] DirectScore: alignment=4.65 artifact=4.20
  [CACHE] Router: hit=1429 tokens, created=0 tokens
  [000668] DirectScore: alignment=4.85 artifact=5.00
  [CACHE] Router: hit=1429 tokens, created=0 tokens
  [000661] DirectScore: alignment=4.35 artifact=3.92
  [CACHE] Router: hit=1429 tokens, created=0 tokens
  [000662] DirectScore: alignment=3.45 artifact=2.85
  [CACHE] Router: hit=1429 tokens, created=0 tokens
  [000663] DirectScore: alignment=1.20 artifact=3.80
  [CACHE] Router: hit=1429 tokens, created=0 tokens
  [000671] DirectScore: alignment=3.45 artifact=3.80
  [CACHE] Router: hit=1429 tokens, created=0 tokens
  [000664] DirectScore: alignment=2.85 artifact=3.42
  [CACHE] Router: hit=1429 tokens, created=0 tokens
  [000672] DirectScore: alignment=3.45 artifact=3.82
  [CACHE] Router: hit=1429 tokens, created=0 tokens
  [000675] DirectScore: alignment=4.65 artifact=3.42
  [CACHE] Router: hit=1429 tokens, created=0 tokens
  [000673] DirectScore: alignment=5.00 artifact=3.85
  [CACHE] Router: hit=1429 tokens, created=0 tokens
  [000684] DirectScore: alignment=5.00 artifact=4.35
  [CACHE] Router: hit=1429 tokens, created=0 tokens
  [000679] DirectScore: alignment=4.85 artifact=1.80
  [CACHE] Router: hit=1429 tokens, created=0 tokens
  [000688] DirectScore: alignment=5.00 artifact=4.60
  [CACHE] Router: hit=1429 tokens, created=0 tokens
  [000685] DirectScore: alignment=4.85 artifact=3.20
  [CACHE] Router: hit=1429 tokens, created=0 tokens
  [000687] DirectScore: alignment=5.00 artifact=3.85
  [CACHE] Router: hit=1429 tokens, created=0 tokens
  [000689] DirectScore: alignment=4.92 artifact=3.85
  [CACHE] Router: hit=1429 tokens, created=0 tokens
  [000690] DirectScore: alignment=3.45 artifact=3.82
  [CACHE] Router: hit=1429 tokens, created=0 tokens
  [000694] DirectScore: alignment=4.85 artifact=4.60
  [CACHE] Router: hit=1429 tokens, created=0 tokens
  [000698] DirectScore: alignment=3.65 artifact=3.42
  [CACHE] Router: hit=1429 tokens, created=0 tokens
  [000695] DirectScore: alignment=4.85 artifact=4.65
  [CACHE] Router: hit=1429 tokens, created=0 tokens
  [000700] DirectScore: alignment=5.00 artifact=5.00
  [CACHE] Router: hit=1429 tokens, created=0 tokens
  [000701] DirectScore: alignment=5.00 artifact=5.00
  [CACHE] Router: hit=1429 tokens, created=0 tokens
  [000699] DirectScore: alignment=4.65 artifact=3.85
  [CACHE] Router: hit=1429 tokens, created=0 tokens
  [000705] DirectScore: alignment=5.00 artifact=5.00
  [CACHE] Router: hit=1429 tokens, created=0 tokens
  [000704] DirectScore: alignment=3.85 artifact=4.20
  [CACHE] Router: hit=1429 tokens, created=0 tokens
  [000702] DirectScore: alignment=4.65 artifact=3.80
  [CACHE] Router: hit=1429 tokens, created=0 tokens
  [CACHE] Router: hit=1429 tokens, created=0 tokens
  [000712] DirectScore: alignment=3.85 artifact=3.92
  [000726] DirectScore: alignment=5.00 artifact=5.00
  [CACHE] Router: hit=1429 tokens, created=0 tokens
  [000714] DirectScore: alignment=1.25 artifact=1.10
  [CACHE] Router: hit=1429 tokens, created=0 tokens
  [000729] DirectScore: alignment=5.00 artifact=5.00
  [CACHE] Router: hit=1429 tokens, created=0 tokens
  [000717] DirectScore: alignment=1.85 artifact=0.92
  [CACHE] Router: hit=1429 tokens, created=0 tokens
  [000718] DirectScore: alignment=1.85 artifact=3.42
  [CACHE] Router: hit=1429 tokens, created=0 tokens
  [000725] DirectScore: alignment=3.85 artifact=4.20
  [CACHE] Router: hit=1429 tokens, created=0 tokens
  [000728] DirectScore: alignment=0.85 artifact=3.20
  [CACHE] Router: hit=1429 tokens, created=0 tokens
  [000719] DirectScore: alignment=3.45 artifact=3.82
  [CACHE] Router: hit=1429 tokens, created=0 tokens
  [000723] DirectScore: alignment=1.85 artifact=2.40
  [CACHE] Router: hit=1429 tokens, created=0 tokens
  [000732] DirectScore: alignment=5.00 artifact=4.20
  [CACHE] Router: hit=1429 tokens, created=0 tokens
  [000730] DirectScore: alignment=4.85 artifact=2.10
  [CACHE] Router: hit=1429 tokens, created=0 tokens
  [000734] DirectScore: alignment=3.85 artifact=2.90
  [CACHE] Router: hit=1429 tokens, created=0 tokens
  [000737] DirectScore: alignment=0.00 artifact=2.85
  [CACHE] Router: hit=1429 tokens, created=0 tokens
  [000738] DirectScore: alignment=0.00 artifact=2.85
  [CACHE] Router: hit=1429 tokens, created=0 tokens
  [000740] DirectScore: alignment=4.92 artifact=3.85
  [CACHE] Router: hit=1429 tokens, created=0 tokens
  [000741] DirectScore: alignment=4.85 artifact=3.60
  [CACHE] Router: hit=1429 tokens, created=0 tokens
  [000744] DirectScore: alignment=4.85 artifact=3.90
  [CACHE] Router: hit=1429 tokens, created=0 tokens
  [000746] DirectScore: alignment=4.92 artifact=3.85
  [CACHE] Router: hit=1429 tokens, created=0 tokens
  [000748] DirectScore: alignment=3.45 artifact=4.10
  [CACHE] Router: hit=1429 tokens, created=0 tokens
  [000760] DirectScore: alignment=5.00 artifact=5.00
  [CACHE] Router: hit=1429 tokens, created=0 tokens
  [000752] DirectScore: alignment=4.65 artifact=3.85
  [CACHE] Router: hit=1429 tokens, created=0 tokens
  [000754] DirectScore: alignment=3.42 artifact=2.85
  [CACHE] Router: hit=1429 tokens, created=0 tokens
  [000764] DirectScore: alignment=4.85 artifact=5.00
  [CACHE] Router: hit=1429 tokens, created=0 tokens
  [000751] DirectScore: alignment=4.12 artifact=3.85
  [CACHE] Router: hit=1429 tokens, created=0 tokens
  [000766] DirectScore: alignment=5.00 artifact=5.00
  [CACHE] Router: hit=1429 tokens, created=0 tokens
  [000755] DirectScore: alignment=3.20 artifact=2.80
  [CACHE] Router: hit=1429 tokens, created=0 tokens
  [000759] DirectScore: alignment=4.15 artifact=3.85
  [CACHE] Router: hit=1429 tokens, created=0 tokens
  [000768] DirectScore: alignment=4.85 artifact=3.90
  [CACHE] Router: hit=1429 tokens, created=0 tokens
  [000771] DirectScore: alignment=4.92 artifact=4.65
  [CACHE] Router: hit=1429 tokens, created=0 tokens
  [000770] DirectScore: alignment=1.85 artifact=2.90
  [CACHE] Router: hit=1429 tokens, created=0 tokens
  [000767] DirectScore: alignment=1.85 artifact=1.92
  [CACHE] Router: hit=1429 tokens, created=0 tokens
  [000772] DirectScore: alignment=3.45 artifact=3.82
  [CACHE] Router: hit=1429 tokens, created=0 tokens
  [000774] DirectScore: alignment=1.85 artifact=2.90
  [CACHE] Router: hit=1429 tokens, created=0 tokens
  [000779] DirectScore: alignment=3.85 artifact=3.92
  [CACHE] Router: hit=1429 tokens, created=0 tokens
  [000783] DirectScore: alignment=1.85 artifact=2.40
  [CACHE] Router: hit=1429 tokens, created=0 tokens
  [000782] DirectScore: alignment=4.85 artifact=3.20
  [CACHE] Router: hit=1429 tokens, created=0 tokens
  [000781] DirectScore: alignment=3.85 artifact=2.90
  [CACHE] Router: hit=1429 tokens, created=0 tokens
  [000799] DirectScore: alignment=0.15 artifact=4.92
  [CACHE] Router: hit=1429 tokens, created=0 tokens
  [000785] DirectScore: alignment=3.45 artifact=3.82
  [CACHE] Router: hit=1429 tokens, created=0 tokens
  [000790] DirectScore: alignment=0.20 artifact=3.80
  [CACHE] Router: hit=1429 tokens, created=0 tokens
  [000788] DirectScore: alignment=3.45 artifact=3.82
  [CACHE] Router: hit=1429 tokens, created=0 tokens
  [000794] DirectScore: alignment=0.20 artifact=3.80
  [CACHE] Router: hit=1429 tokens, created=0 tokens
  [000801] DirectScore: alignment=3.45 artifact=3.82
  [CACHE] Router: hit=1429 tokens, created=0 tokens
  [000796] DirectScore: alignment=0.85 artifact=3.20
  [CACHE] Router: hit=1429 tokens, created=0 tokens
  [000795] DirectScore: alignment=0.15 artifact=3.85
  [CACHE] Router: hit=1429 tokens, created=0 tokens
  [000800] DirectScore: alignment=3.85 artifact=1.92
  [CACHE] Router: hit=1429 tokens, created=0 tokens
  [000805] DirectScore: alignment=3.85 artifact=2.15
  [CACHE] Router: hit=1429 tokens, created=0 tokens
  [000803] DirectScore: alignment=2.85 artifact=2.90
  [CACHE] Router: hit=1429 tokens, created=0 tokens
  [000808] DirectScore: alignment=3.45 artifact=3.80
  [CACHE] Router: hit=1429 tokens, created=0 tokens
  [000815] DirectScore: alignment=4.85 artifact=4.60
  [CACHE] Router: hit=1429 tokens, created=0 tokens
  [000816] DirectScore: alignment=4.65 artifact=1.85
  [CACHE] Router: hit=1429 tokens, created=0 tokens
  [000818] DirectScore: alignment=4.65 artifact=3.85
  [CACHE] Router: hit=1429 tokens, created=0 tokens
  [000814] DirectScore: alignment=1.85 artifact=1.92
  [CACHE] Router: hit=1429 tokens, created=0 tokens
  [000819] DirectScore: alignment=4.85 artifact=3.42
  [CACHE] Router: hit=1429 tokens, created=0 tokens
  [000822] DirectScore: alignment=2.85 artifact=1.20
  [CACHE] Router: hit=1429 tokens, created=0 tokens
  [000823] DirectScore: alignment=2.85 artifact=1.20
  [CACHE] Router: hit=1429 tokens, created=0 tokens
  [000821] DirectScore: alignment=2.85 artifact=1.90
  [CACHE] Router: hit=1429 tokens, created=0 tokens
  [000830] DirectScore: alignment=5.00 artifact=5.00
  [CACHE] Router: hit=1429 tokens, created=0 tokens
  [000826] DirectScore: alignment=2.85 artifact=1.92
  [CACHE] Router: hit=1429 tokens, created=0 tokens
  [000832] DirectScore: alignment=2.85 artifact=4.35
  [CACHE] Router: hit=1429 tokens, created=0 tokens
  [000829] DirectScore: alignment=1.85 artifact=1.92
  [CACHE] Router: hit=1429 tokens, created=0 tokens
  [000837] DirectScore: alignment=5.00 artifact=5.00
  [CACHE] Router: hit=1429 tokens, created=0 tokens
  [000835] DirectScore: alignment=3.45 artifact=4.10
  [CACHE] Router: hit=1429 tokens, created=0 tokens
  [000836] DirectScore: alignment=4.92 artifact=4.65
  [CACHE] Router: hit=1429 tokens, created=0 tokens
  [000841] DirectScore: alignment=1.25 artifact=1.10
  [CACHE] Router: hit=1429 tokens, created=0 tokens
  [000843] DirectScore: alignment=1.85 artifact=1.20
  [CACHE] Router: hit=1429 tokens, created=0 tokens
  [000845] DirectScore: alignment=1.85 artifact=1.92
  [CACHE] Router: hit=1429 tokens, created=0 tokens
  [000844] DirectScore: alignment=3.85 artifact=1.20
  [CACHE] Router: hit=1429 tokens, created=0 tokens
  [000846] DirectScore: alignment=2.85 artifact=1.92
  [CACHE] Router: hit=1429 tokens, created=0 tokens
  [000850] DirectScore: alignment=4.92 artifact=4.65
  [CACHE] Router: hit=1429 tokens, created=0 tokens
  [000851] DirectScore: alignment=4.92 artifact=4.65
  [CACHE] Router: hit=1429 tokens, created=0 tokens
  [000856] DirectScore: alignment=4.92 artifact=5.00
  [CACHE] Router: hit=1429 tokens, created=0 tokens
  [000858] DirectScore: alignment=5.00 artifact=5.00
  [CACHE] Router: hit=1429 tokens, created=0 tokens
  [000853] DirectScore: alignment=2.85 artifact=3.92
  [CACHE] Router: hit=1429 tokens, created=0 tokens
  [000863] DirectScore: alignment=5.00 artifact=5.00
  [CACHE] Router: hit=1429 tokens, created=0 tokens
  [000862] DirectScore: alignment=5.00 artifact=5.00
  [CACHE] Router: hit=1429 tokens, created=0 tokens
  [000875] DirectScore: alignment=5.00 artifact=5.00
  [CACHE] Router: hit=1429 tokens, created=0 tokens
  [000873] DirectScore: alignment=5.00 artifact=5.00
  [CACHE] Router: hit=1429 tokens, created=0 tokens
  [000867] DirectScore: alignment=3.42 artifact=4.15
  [CACHE] Router: hit=1429 tokens, created=0 tokens
  [000866] DirectScore: alignment=3.42 artifact=2.85
  [CACHE] Router: hit=1429 tokens, created=0 tokens
  [000870] DirectScore: alignment=2.85 artifact=3.20
  [CACHE] Router: hit=1429 tokens, created=0 tokens
  [000869] DirectScore: alignment=4.85 artifact=2.10
  [CACHE] Router: hit=1429 tokens, created=0 tokens
  [000880] DirectScore: alignment=5.00 artifact=5.00
  [CACHE] Router: hit=1429 tokens, created=0 tokens
  [000871] DirectScore: alignment=4.85 artifact=3.92
  [CACHE] Router: hit=1429 tokens, created=0 tokens
  [000879] DirectScore: alignment=4.65 artifact=4.35
  [CACHE] Router: hit=1429 tokens, created=0 tokens
  [000885] DirectScore: alignment=5.00 artifact=5.00
  [CACHE] Router: hit=1429 tokens, created=0 tokens
  [000886] DirectScore: alignment=5.00 artifact=5.00
  [CACHE] Router: hit=1429 tokens, created=0 tokens
  [000895] DirectScore: alignment=5.00 artifact=5.00
  [CACHE] Router: hit=1429 tokens, created=0 tokens
  [000889] DirectScore: alignment=5.00 artifact=5.00
  [CACHE] Router: hit=1429 tokens, created=0 tokens
  [000884] DirectScore: alignment=0.00 artifact=4.80
  [CACHE] Router: hit=1429 tokens, created=0 tokens
  [000898] DirectScore: alignment=5.00 artifact=5.00
  [CACHE] Router: hit=1429 tokens, created=0 tokens
  [000899] DirectScore: alignment=5.00 artifact=5.00
  [CACHE] Router: hit=1429 tokens, created=0 tokens
  [000894] DirectScore: alignment=4.85 artifact=4.35
  [CACHE] Router: hit=1429 tokens, created=0 tokens
  [000901] DirectScore: alignment=5.00 artifact=5.00
  [CACHE] Router: hit=1429 tokens, created=0 tokens
  [000896] DirectScore: alignment=4.92 artifact=3.65
  [CACHE] Router: hit=1429 tokens, created=0 tokens
  [000902] DirectScore: alignment=5.00 artifact=5.00
  [CACHE] Router: hit=1429 tokens, created=0 tokens
  [000900] DirectScore: alignment=4.35 artifact=4.12
  [CACHE] Router: hit=1429 tokens, created=0 tokens
  [000905] DirectScore: alignment=3.45 artifact=3.82
  [CACHE] Router: hit=1429 tokens, created=0 tokens
  [000923] DirectScore: alignment=5.00 artifact=5.00
  [CACHE] Router: hit=1429 tokens, created=0 tokens
  [000917] DirectScore: alignment=4.85 artifact=2.90
  [CACHE] Router: hit=1429 tokens, created=0 tokens
  [000910] DirectScore: alignment=4.85 artifact=3.92
  [CACHE] Router: hit=1429 tokens, created=0 tokens
  [000907] DirectScore: alignment=4.65 artifact=3.85
  [CACHE] Router: hit=1429 tokens, created=0 tokens
  [000919] DirectScore: alignment=4.92 artifact=3.85
  [CACHE] Router: hit=1429 tokens, created=0 tokens
  [000918] DirectScore: alignment=4.92 artifact=4.65
  [CACHE] Router: hit=1429 tokens, created=0 tokens
  [000931] DirectScore: alignment=5.00 artifact=5.00
  [CACHE] Router: hit=1429 tokens, created=0 tokens
  [000914] DirectScore: alignment=3.85 artifact=4.20
  [CACHE] Router: hit=1429 tokens, created=0 tokens
  [000926] DirectScore: alignment=5.00 artifact=5.00
  [CACHE] Router: hit=1429 tokens, created=0 tokens
  [000924] DirectScore: alignment=4.12 artifact=3.85
  [CACHE] Router: hit=1429 tokens, created=0 tokens
  [000939] DirectScore: alignment=5.00 artifact=5.00
  [CACHE] Router: hit=1429 tokens, created=0 tokens
  [000938] DirectScore: alignment=4.85 artifact=5.00
  [CACHE] Router: hit=1429 tokens, created=0 tokens
  [000925] DirectScore: alignment=2.85 artifact=1.20
  [CACHE] Router: hit=1429 tokens, created=0 tokens
  [000928] DirectScore: alignment=4.92 artifact=3.85
  [CACHE] Router: hit=1429 tokens, created=0 tokens
  [000934] DirectScore: alignment=4.85 artifact=3.20
  [CACHE] Router: hit=1429 tokens, created=0 tokens
  [000936] DirectScore: alignment=4.85 artifact=3.90
  [CACHE] Router: hit=1429 tokens, created=0 tokens
  [000940] DirectScore: alignment=4.20 artifact=3.80
  [CACHE] Router: hit=1429 tokens, created=0 tokens
  [000946] DirectScore: alignment=4.85 artifact=4.60
  [CACHE] Router: hit=1429 tokens, created=0 tokens
  [000944] DirectScore: alignment=3.85 artifact=1.92
  [CACHE] Router: hit=1429 tokens, created=0 tokens
  [000949] DirectScore: alignment=3.85 artifact=2.40
  [CACHE] Router: hit=1429 tokens, created=0 tokens
  [000948] DirectScore: alignment=3.85 artifact=2.90
  [CACHE] Router: hit=1429 tokens, created=0 tokens
  [000950] DirectScore: alignment=2.15 artifact=1.85
  [CACHE] Router: hit=1429 tokens, created=0 tokens
  [000959] DirectScore: alignment=0.85 artifact=2.40
  [CACHE] Router: hit=1429 tokens, created=0 tokens
  [000961] DirectScore: alignment=4.65 artifact=3.85
  [CACHE] Router: hit=1429 tokens, created=0 tokens
  [000955] DirectScore: alignment=2.15 artifact=1.20
  [CACHE] Router: hit=1429 tokens, created=0 tokens
  [000953] DirectScore: alignment=3.85 artifact=2.90
  [CACHE] Router: hit=1429 tokens, created=0 tokens
  [000965] DirectScore: alignment=4.15 artifact=3.85
  [CACHE] Router: hit=1429 tokens, created=0 tokens
  [000973] DirectScore: alignment=5.00 artifact=5.00
  [CACHE] Router: hit=1429 tokens, created=0 tokens
  [000958] DirectScore: alignment=1.85 artifact=1.20
  [CACHE] Router: hit=1429 tokens, created=0 tokens
  [000962] DirectScore: alignment=3.45 artifact=3.80
  [CACHE] Router: hit=1429 tokens, created=0 tokens
  [000969] DirectScore: alignment=4.95 artifact=4.85
  [CACHE] Router: hit=1429 tokens, created=0 tokens
  [000972] DirectScore: alignment=1.20 artifact=4.20
  [CACHE] Router: hit=1429 tokens, created=0 tokens
  [000976] DirectScore: alignment=2.85 artifact=4.15
  [CACHE] Router: hit=1429 tokens, created=0 tokens
  [000968] DirectScore: alignment=1.85 artifact=2.40
  [CACHE] Router: hit=1429 tokens, created=0 tokens
  [000974] DirectScore: alignment=4.85 artifact=4.60
  [CACHE] Router: hit=1429 tokens, created=0 tokens
  [000978] DirectScore: alignment=4.92 artifact=5.00
  [CACHE] Router: hit=1429 tokens, created=0 tokens
  [000981] DirectScore: alignment=3.85 artifact=4.65
  [CACHE] Router: hit=1429 tokens, created=0 tokens
  [000982] DirectScore: alignment=5.00 artifact=5.00
  [CACHE] Router: hit=1429 tokens, created=0 tokens
  [000983] DirectScore: alignment=5.00 artifact=5.00
  [CACHE] Router: hit=1429 tokens, created=0 tokens
  [000988] DirectScore: alignment=5.00 artifact=5.00
  [CACHE] Router: hit=1429 tokens, created=0 tokens
  [000994] DirectScore: alignment=5.00 artifact=5.00
  [CACHE] Router: hit=1429 tokens, created=0 tokens
  [000993] DirectScore: alignment=5.00 artifact=5.00
  [CACHE] Router: hit=1429 tokens, created=0 tokens
  [000997] DirectScore: alignment=0.00 artifact=5.00
  [CACHE] Router: hit=1429 tokens, created=0 tokens
  [000984] DirectScore: alignment=3.65 artifact=4.15
  [CACHE] Router: hit=1429 tokens, created=0 tokens
  [000996] DirectScore: alignment=4.65 artifact=4.20
  [CACHE] Router: hit=1429 tokens, created=0 tokens
  [000992] DirectScore: alignment=4.85 artifact=3.92

============================================================
  Pipeline Summary (async mode)
============================================================
  Total images:     500
  router_ok             500
  router_fail           0
  Total elapsed:    572.52s
  Throughput:       0.87 img/s (1.1 s/img)
============================================================
